Mar 11 10:33:09 ip-172-31-1-110 kernel: Command line: BOOT_IMAGE=(hd0,gpt1)/boot/vmlinuz-6.1.161-183.298.amzn2023.x86_64 root=UUID=96e83033-9c05-4912-8900-93256ded3e51 ro console=tty0 console=ttyS0,115200n8 nvme_core.io_timeout=4294967295 rd.emergency=poweroff rd.shell=0 selinux=1 security=selinux quiet
Mar 11 10:33:09 ip-172-31-1-110 kernel: KASLR enabled
Mar 11 10:33:09 ip-172-31-1-110 kernel: BIOS-provided physical RAM map:
Mar 11 10:33:09 ip-172-31-1-110 kernel: BIOS-e820: [mem 0x0000000000000000-0x000000000009ffff] usable
Mar 11 10:33:09 ip-172-31-1-110 kernel: BIOS-e820: [mem 0x0000000000100000-0x0000000070ccdfff] usable
Mar 11 10:33:09 ip-172-31-1-110 kernel: BIOS-e820: [mem 0x0000000070cce000-0x0000000070f4dfff] reserved
Mar 11 10:33:09 ip-172-31-1-110 kernel: BIOS-e820: [mem 0x0000000070f4e000-0x0000000070f5dfff] ACPI data
Mar 11 10:33:09 ip-172-31-1-110 kernel: BIOS-e820: [mem 0x0000000070f5e000-0x0000000070fddfff] ACPI NVS
Mar 11 10:33:09 ip-172-31-1-110 kernel: BIOS-e820: [mem 0x0000000070fde000-0x000000007cf7bfff] usable
Mar 11 10:33:09 ip-172-31-1-110 kernel: BIOS-e820: [mem 0x000000007cf7c000-0x000000007cffffff] reserved
Mar 11 10:33:09 ip-172-31-1-110 kernel: NX (Execute Disable) protection: active
Mar 11 10:33:09 ip-172-31-1-110 kernel: extended physical RAM map:
Mar 11 10:33:09 ip-172-31-1-110 kernel: reserve setup_data: [mem 0x0000000000000000-0x000000000009ffff] usable
Mar 11 10:33:09 ip-172-31-1-110 kernel: reserve setup_data: [mem 0x0000000000100000-0x000000006eebe017] usable
Mar 11 10:33:09 ip-172-31-1-110 kernel: reserve setup_data: [mem 0x000000006eebe018-0x000000006eec6e57] usable
Mar 11 10:33:09 ip-172-31-1-110 kernel: reserve setup_data: [mem 0x000000006eec6e58-0x0000000070ccdfff] usable
Mar 11 10:33:09 ip-172-31-1-110 kernel: reserve setup_data: [mem 0x0000000070cce000-0x0000000070f4dfff] reserved
Mar 11 10:33:09 ip-172-31-1-110 kernel: reserve setup_data: [mem 0x0000000070f4e000-0x0000000070f5dfff] ACPI data
Mar 11 10:33:09 ip-172-31-1-110 kernel: reserve setup_data: [mem 0x0000000070f5e000-0x0000000070fddfff] ACPI NVS
Mar 11 10:33:09 ip-172-31-1-110 kernel: reserve setup_data: [mem 0x0000000070fde000-0x000000007cf7bfff] usable
Mar 11 10:33:09 ip-172-31-1-110 kernel: reserve setup_data: [mem 0x000000007cf7c000-0x000000007cffffff] reserved
Mar 11 10:33:09 ip-172-31-1-110 kernel: efi: EFI v2.70 by EDK II
Mar 11 10:33:09 ip-172-31-1-110 kernel: efi: SMBIOS=0x70e6a000 ACPI=0x70f5d000 ACPI 2.0=0x70f5d014 MEMATTR=0x6f643a98 
Mar 11 10:33:09 ip-172-31-1-110 kernel: SMBIOS 2.7 present.
Mar 11 10:33:09 ip-172-31-1-110 kernel: DMI: Amazon EC2 t3a.small/, BIOS 1.0 10/16/2017
Mar 11 10:33:09 ip-172-31-1-110 kernel: Hypervisor detected: KVM
Mar 11 10:33:09 ip-172-31-1-110 kernel: kvm-clock: Using msrs 4b564d01 and 4b564d00
Mar 11 10:33:09 ip-172-31-1-110 kernel: kvm-clock: using sched offset of 3781530975 cycles
Mar 11 10:33:09 ip-172-31-1-110 kernel: clocksource: kvm-clock: mask: 0xffffffffffffffff max_cycles: 0x1cd42e4dffb, max_idle_ns: 881590591483 ns
Mar 11 10:33:09 ip-172-31-1-110 kernel: tsc: Detected 2199.998 MHz processor
Mar 11 10:33:09 ip-172-31-1-110 kernel: last_pfn = 0x7cf7c max_arch_pfn = 0x400000000
Mar 11 10:33:09 ip-172-31-1-110 kernel: x86/PAT: Configuration [0-7]: WB  WC  UC- UC  WB  WP  UC- WT  
Mar 11 10:33:09 ip-172-31-1-110 kernel: Using GB pages for direct mapping
Mar 11 10:33:09 ip-172-31-1-110 kernel: Secure boot disabled
Mar 11 10:33:09 ip-172-31-1-110 kernel: RAMDISK: [mem 0x6a513000-0x6b8a8fff]
Mar 11 10:33:09 ip-172-31-1-110 kernel: ACPI: Early table checksum verification disabled
Mar 11 10:33:09 ip-172-31-1-110 kernel: ACPI: RSDP 0x0000000070F5D014 000024 (v02 AMAZON)
Mar 11 10:33:09 ip-172-31-1-110 kernel: ACPI: XSDT 0x0000000070F5C0E8 00006C (v01 AMAZON AMZNFACP 00000001      01000013)
Mar 11 10:33:09 ip-172-31-1-110 kernel: ACPI: FACP 0x0000000070F55000 000114 (v01 AMAZON AMZNFACP 00000001 AMZN 00000001)
Mar 11 10:33:09 ip-172-31-1-110 kernel: ACPI: DSDT 0x0000000070F56000 00115A (v01 AMAZON AMZNDSDT 00000001 AMZN 00000001)
Mar 11 10:33:09 ip-172-31-1-110 kernel: ACPI: FACS 0x0000000070FD0000 000040
Mar 11 10:33:09 ip-172-31-1-110 kernel: ACPI: WAET 0x0000000070F5B000 000028 (v01 AMAZON AMZNWAET 00000001 AMZN 00000001)
Mar 11 10:33:09 ip-172-31-1-110 kernel: ACPI: SLIT 0x0000000070F5A000 00006C (v01 AMAZON AMZNSLIT 00000001 AMZN 00000001)
Mar 11 10:33:09 ip-172-31-1-110 kernel: ACPI: APIC 0x0000000070F59000 000076 (v01 AMAZON AMZNAPIC 00000001 AMZN 00000001)
Mar 11 10:33:09 ip-172-31-1-110 kernel: ACPI: SRAT 0x0000000070F58000 0000A0 (v01 AMAZON AMZNSRAT 00000001 AMZN 00000001)
Mar 11 10:33:09 ip-172-31-1-110 kernel: ACPI: HPET 0x0000000070F54000 000038 (v01 AMAZON AMZNHPET 00000001 AMZN 00000001)
Mar 11 10:33:09 ip-172-31-1-110 kernel: ACPI: SSDT 0x0000000070F53000 000759 (v01 AMAZON AMZNSSDT 00000001 AMZN 00000001)
Mar 11 10:33:09 ip-172-31-1-110 kernel: ACPI: SSDT 0x0000000070F52000 0000D1 (v01 AMAZON AMZNSSDT 00000001 AMZN 00000001)
Mar 11 10:33:09 ip-172-31-1-110 kernel: ACPI: BGRT 0x0000000070F51000 000038 (v01 AMAZON AMAZON   00000002      01000013)
Mar 11 10:33:09 ip-172-31-1-110 kernel: ACPI: Reserving FACP table memory at [mem 0x70f55000-0x70f55113]
Mar 11 10:33:09 ip-172-31-1-110 kernel: ACPI: Reserving DSDT table memory at [mem 0x70f56000-0x70f57159]
Mar 11 10:33:09 ip-172-31-1-110 kernel: ACPI: Reserving FACS table memory at [mem 0x70fd0000-0x70fd003f]
Mar 11 10:33:09 ip-172-31-1-110 kernel: ACPI: Reserving WAET table memory at [mem 0x70f5b000-0x70f5b027]
Mar 11 10:33:09 ip-172-31-1-110 kernel: ACPI: Reserving SLIT table memory at [mem 0x70f5a000-0x70f5a06b]
Mar 11 10:33:09 ip-172-31-1-110 kernel: ACPI: Reserving APIC table memory at [mem 0x70f59000-0x70f59075]
Mar 11 10:33:09 ip-172-31-1-110 kernel: ACPI: Reserving SRAT table memory at [mem 0x70f58000-0x70f5809f]
Mar 11 10:33:09 ip-172-31-1-110 kernel: ACPI: Reserving HPET table memory at [mem 0x70f54000-0x70f54037]
Mar 11 10:33:09 ip-172-31-1-110 kernel: ACPI: Reserving SSDT table memory at [mem 0x70f53000-0x70f53758]
Mar 11 10:33:09 ip-172-31-1-110 kernel: ACPI: Reserving SSDT table memory at [mem 0x70f52000-0x70f520d0]
Mar 11 10:33:09 ip-172-31-1-110 kernel: ACPI: Reserving BGRT table memory at [mem 0x70f51000-0x70f51037]
Mar 11 10:33:09 ip-172-31-1-110 kernel: SRAT: PXM 0 -> APIC 0x00 -> Node 0
Mar 11 10:33:09 ip-172-31-1-110 kernel: SRAT: PXM 0 -> APIC 0x01 -> Node 0
Mar 11 10:33:09 ip-172-31-1-110 kernel: ACPI: SRAT: Node 0 PXM 0 [mem 0x00000000-0x7fffffff]
Mar 11 10:33:09 ip-172-31-1-110 kernel: NODE_DATA(0) allocated [mem 0x7aecb000-0x7aef5fff]
Mar 11 10:33:09 ip-172-31-1-110 kernel: Zone ranges:
Mar 11 10:33:09 ip-172-31-1-110 kernel:  DMA      [mem 0x0000000000001000-0x0000000000ffffff]
Mar 11 10:33:09 ip-172-31-1-110 kernel:  DMA32    [mem 0x0000000001000000-0x000000007cf7bfff]
Mar 11 10:33:09 ip-172-31-1-110 kernel:  Normal   empty
Mar 11 10:33:09 ip-172-31-1-110 kernel:  Device   empty
Mar 11 10:33:09 ip-172-31-1-110 kernel: Movable zone start for each node
Mar 11 10:33:09 ip-172-31-1-110 kernel: Early memory node ranges
Mar 11 10:33:09 ip-172-31-1-110 kernel:  node   0: [mem 0x0000000000001000-0x000000000009ffff]
Mar 11 10:33:09 ip-172-31-1-110 kernel:  node   0: [mem 0x0000000000100000-0x0000000070ccdfff]
Mar 11 10:33:09 ip-172-31-1-110 kernel:  node   0: [mem 0x0000000070fde000-0x000000007cf7bfff]
Mar 11 10:33:09 ip-172-31-1-110 kernel: Initmem setup node 0 [mem 0x0000000000001000-0x000000007cf7bfff]
Mar 11 10:33:09 ip-172-31-1-110 kernel: On node 0, zone DMA: 1 pages in unavailable ranges
Mar 11 10:33:09 ip-172-31-1-110 kernel: On node 0, zone DMA: 96 pages in unavailable ranges
Mar 11 10:33:09 ip-172-31-1-110 kernel: On node 0, zone DMA32: 784 pages in unavailable ranges
Mar 11 10:33:09 ip-172-31-1-110 kernel: On node 0, zone DMA32: 12420 pages in unavailable ranges
Mar 11 10:33:09 ip-172-31-1-110 kernel: ACPI: PM-Timer IO Port: 0xb008
Mar 11 10:33:09 ip-172-31-1-110 kernel: ACPI: LAPIC_NMI (acpi_id[0xff] dfl dfl lint[0x1])
Mar 11 10:33:09 ip-172-31-1-110 kernel: IOAPIC[0]: apic_id 0, version 32, address 0xfec00000, GSI 0-23
Mar 11 10:33:09 ip-172-31-1-110 kernel: ACPI: INT_SRC_OVR (bus 0 bus_irq 5 global_irq 5 high level)
Mar 11 10:33:09 ip-172-31-1-110 kernel: ACPI: INT_SRC_OVR (bus 0 bus_irq 9 global_irq 9 high level)
Mar 11 10:33:09 ip-172-31-1-110 kernel: ACPI: INT_SRC_OVR (bus 0 bus_irq 10 global_irq 10 high level)
Mar 11 10:33:09 ip-172-31-1-110 kernel: ACPI: INT_SRC_OVR (bus 0 bus_irq 11 global_irq 11 high level)
Mar 11 10:33:09 ip-172-31-1-110 kernel: ACPI: Using ACPI (MADT) for SMP configuration information
Mar 11 10:33:09 ip-172-31-1-110 kernel: ACPI: HPET id: 0x8086a201 base: 0xfed00000
Mar 11 10:33:09 ip-172-31-1-110 kernel: smpboot: Allowing 2 CPUs, 0 hotplug CPUs
Mar 11 10:33:09 ip-172-31-1-110 kernel: PM: hibernation: Registered nosave memory: [mem 0x00000000-0x00000fff]
Mar 11 10:33:09 ip-172-31-1-110 kernel: PM: hibernation: Registered nosave memory: [mem 0x000a0000-0x000fffff]
Mar 11 10:33:09 ip-172-31-1-110 kernel: PM: hibernation: Registered nosave memory: [mem 0x70cce000-0x70fddfff]
Mar 11 10:33:09 ip-172-31-1-110 kernel: [mem 0x7d000000-0xffffffff] available for PCI devices
Mar 11 10:33:09 ip-172-31-1-110 kernel: Booting paravirtualized kernel on KVM
Mar 11 10:33:09 ip-172-31-1-110 kernel: clocksource: refined-jiffies: mask: 0xffffffff max_cycles: 0xffffffff, max_idle_ns: 19112604462750000 ns
Mar 11 10:33:09 ip-172-31-1-110 kernel: setup_percpu: NR_CPUS:8192 nr_cpumask_bits:2 nr_cpu_ids:2 nr_node_ids:1
Mar 11 10:33:09 ip-172-31-1-110 kernel: percpu: Embedded 60 pages/cpu s208896 r8192 d28672 u1048576
Mar 11 10:33:09 ip-172-31-1-110 kernel: kvm-guest: PV spinlocks enabled
Mar 11 10:33:09 ip-172-31-1-110 kernel: PV qspinlock hash table entries: 256 (order: 0, 4096 bytes, linear)
Mar 11 10:33:09 ip-172-31-1-110 kernel: Fallback order for Node 0: 0 
Mar 11 10:33:09 ip-172-31-1-110 kernel: Built 1 zonelists, mobility grouping on.  Total pages: 502830
Mar 11 10:33:09 ip-172-31-1-110 kernel: Policy zone: DMA32
Mar 11 10:33:09 ip-172-31-1-110 kernel: Kernel command line: BOOT_IMAGE=(hd0,gpt1)/boot/vmlinuz-6.1.161-183.298.amzn2023.x86_64 root=UUID=96e83033-9c05-4912-8900-93256ded3e51 ro console=tty0 console=ttyS0,115200n8 nvme_core.io_timeout=4294967295 rd.emergency=poweroff rd.shell=0 selinux=1 security=selinux quiet
Mar 11 10:33:09 ip-172-31-1-110 kernel: random: crng init done
Mar 11 10:33:09 ip-172-31-1-110 kernel: Dentry cache hash table entries: 262144 (order: 9, 2097152 bytes, linear)
Mar 11 10:33:09 ip-172-31-1-110 kernel: Inode-cache hash table entries: 131072 (order: 8, 1048576 bytes, linear)
Mar 11 10:33:09 ip-172-31-1-110 kernel: mem auto-init: stack:off, heap alloc:off, heap free:off
Mar 11 10:33:09 ip-172-31-1-110 kernel: Memory: 260860K/2043948K available (14347K kernel code, 9300K rwdata, 8920K rodata, 2452K init, 6384K bss, 282268K reserved, 0K cma-reserved)
Mar 11 10:33:09 ip-172-31-1-110 kernel: SLUB: HWalign=64, Order=0-3, MinObjects=0, CPUs=2, Nodes=1
Mar 11 10:33:09 ip-172-31-1-110 kernel: ftrace: allocating 41893 entries in 164 pages
Mar 11 10:33:09 ip-172-31-1-110 kernel: ftrace: allocated 164 pages with 3 groups
Mar 11 10:33:09 ip-172-31-1-110 kernel: Dynamic Preempt: none
Mar 11 10:33:09 ip-172-31-1-110 kernel: rcu: Preemptible hierarchical RCU implementation.
Mar 11 10:33:09 ip-172-31-1-110 kernel: rcu: #011RCU restricting CPUs from NR_CPUS=8192 to nr_cpu_ids=2.
Mar 11 10:33:09 ip-172-31-1-110 kernel: #011Trampoline variant of Tasks RCU enabled.
Mar 11 10:33:09 ip-172-31-1-110 kernel: #011Rude variant of Tasks RCU enabled.
Mar 11 10:33:09 ip-172-31-1-110 kernel: #011Tracing variant of Tasks RCU enabled.
Mar 11 10:33:09 ip-172-31-1-110 kernel: rcu: RCU calculated value of scheduler-enlistment delay is 10 jiffies.
Mar 11 10:33:09 ip-172-31-1-110 kernel: rcu: Adjusting geometry for rcu_fanout_leaf=16, nr_cpu_ids=2
Mar 11 10:33:09 ip-172-31-1-110 kernel: NR_IRQS: 524544, nr_irqs: 440, preallocated irqs: 16
Mar 11 10:33:09 ip-172-31-1-110 kernel: rcu: srcu_init: Setting srcu_struct sizes based on contention.
Mar 11 10:33:09 ip-172-31-1-110 kernel: Console: colour dummy device 80x25
Mar 11 10:33:09 ip-172-31-1-110 kernel: printk: console [tty0] enabled
Mar 11 10:33:09 ip-172-31-1-110 kernel: printk: console [ttyS0] enabled
Mar 11 10:33:09 ip-172-31-1-110 kernel: ACPI: Core revision 20220331
Mar 11 10:33:09 ip-172-31-1-110 kernel: clocksource: hpet: mask: 0xffffffff max_cycles: 0xffffffff, max_idle_ns: 30580167144 ns
Mar 11 10:33:09 ip-172-31-1-110 kernel: APIC: Switch to symmetric I/O mode setup
Mar 11 10:33:09 ip-172-31-1-110 kernel: ..TIMER: vector=0x30 apic1=0 pin1=0 apic2=-1 pin2=-1
Mar 11 10:33:09 ip-172-31-1-110 kernel: clocksource: tsc-early: mask: 0xffffffffffffffff max_cycles: 0x1fb63109b96, max_idle_ns: 440795265316 ns
Mar 11 10:33:09 ip-172-31-1-110 kernel: Calibrating delay loop (skipped) preset value.. 4399.99 BogoMIPS (lpj=21999980)
Mar 11 10:33:09 ip-172-31-1-110 kernel: AMD Zen1 DIV0 bug detected. Disable SMT for full protection.
Mar 11 10:33:09 ip-172-31-1-110 kernel: Last level iTLB entries: 4KB 1024, 2MB 1024, 4MB 512
Mar 11 10:33:09 ip-172-31-1-110 kernel: Last level dTLB entries: 4KB 1536, 2MB 1536, 4MB 768, 1GB 0
Mar 11 10:33:09 ip-172-31-1-110 kernel: Spectre V1 : Mitigation: usercopy/swapgs barriers and __user pointer sanitization
Mar 11 10:33:09 ip-172-31-1-110 kernel: Spectre V2 : Mitigation: Retpolines
Mar 11 10:33:09 ip-172-31-1-110 kernel: Spectre V2 : Spectre v2 / SpectreRSB: Filling RSB on context switch and VMEXIT
Mar 11 10:33:09 ip-172-31-1-110 kernel: active return thunk: retbleed_return_thunk
Mar 11 10:33:09 ip-172-31-1-110 kernel: RETBleed: Mitigation: untrained return thunk
Mar 11 10:33:09 ip-172-31-1-110 kernel: Speculative Store Bypass: Vulnerable
Mar 11 10:33:09 ip-172-31-1-110 kernel: Speculative Return Stack Overflow: IBPB-extending microcode not applied!
Mar 11 10:33:09 ip-172-31-1-110 kernel: Speculative Return Stack Overflow: WARNING: See https://kernel.org/doc/html/latest/admin-guide/hw-vuln/srso.html for mitigation options.
Mar 11 10:33:09 ip-172-31-1-110 kernel: active return thunk: srso_return_thunk
Mar 11 10:33:09 ip-172-31-1-110 kernel: Speculative Return Stack Overflow: Mitigation: safe RET, no microcode
Mar 11 10:33:09 ip-172-31-1-110 kernel: x86/fpu: Supporting XSAVE feature 0x001: 'x87 floating point registers'
Mar 11 10:33:09 ip-172-31-1-110 kernel: x86/fpu: Supporting XSAVE feature 0x002: 'SSE registers'
Mar 11 10:33:09 ip-172-31-1-110 kernel: x86/fpu: Supporting XSAVE feature 0x004: 'AVX registers'
Mar 11 10:33:09 ip-172-31-1-110 kernel: x86/fpu: xstate_offset[2]:  576, xstate_sizes[2]:  256
Mar 11 10:33:09 ip-172-31-1-110 kernel: x86/fpu: Enabled xstate features 0x7, context size is 832 bytes, using 'compacted' format.
Mar 11 10:33:09 ip-172-31-1-110 kernel: Freeing SMP alternatives memory: 36K
Mar 11 10:33:09 ip-172-31-1-110 kernel: pid_max: default: 32768 minimum: 301
Mar 11 10:33:09 ip-172-31-1-110 kernel: LSM: Security Framework initializing
Mar 11 10:33:09 ip-172-31-1-110 kernel: landlock: Up and running.
Mar 11 10:33:09 ip-172-31-1-110 kernel: Yama: becoming mindful.
Mar 11 10:33:09 ip-172-31-1-110 kernel: SELinux:  Initializing.
Mar 11 10:33:09 ip-172-31-1-110 kernel: LSM support for eBPF active
Mar 11 10:33:09 ip-172-31-1-110 kernel: Mount-cache hash table entries: 4096 (order: 3, 32768 bytes, linear)
Mar 11 10:33:09 ip-172-31-1-110 kernel: Mountpoint-cache hash table entries: 4096 (order: 3, 32768 bytes, linear)
Mar 11 10:33:09 ip-172-31-1-110 kernel: smpboot: CPU0: AMD EPYC 7571 (family: 0x17, model: 0x1, stepping: 0x2)
Mar 11 10:33:09 ip-172-31-1-110 kernel: cblist_init_generic: Setting adjustable number of callback queues.
Mar 11 10:33:09 ip-172-31-1-110 kernel: cblist_init_generic: Setting shift to 1 and lim to 1.
Mar 11 10:33:09 ip-172-31-1-110 kernel: cblist_init_generic: Setting adjustable number of callback queues.
Mar 11 10:33:09 ip-172-31-1-110 kernel: cblist_init_generic: Setting shift to 1 and lim to 1.
Mar 11 10:33:09 ip-172-31-1-110 kernel: cblist_init_generic: Setting adjustable number of callback queues.
Mar 11 10:33:09 ip-172-31-1-110 kernel: cblist_init_generic: Setting shift to 1 and lim to 1.
Mar 11 10:33:09 ip-172-31-1-110 kernel: Performance Events: PMU not available due to virtualization, using software events only.
Mar 11 10:33:09 ip-172-31-1-110 kernel: signal: max sigframe size: 1776
Mar 11 10:33:09 ip-172-31-1-110 kernel: rcu: Hierarchical SRCU implementation.
Mar 11 10:33:09 ip-172-31-1-110 kernel: rcu: #011Max phase no-delay instances is 1000.
Mar 11 10:33:09 ip-172-31-1-110 kernel: smp: Bringing up secondary CPUs ...
Mar 11 10:33:09 ip-172-31-1-110 kernel: x86: Booting SMP configuration:
Mar 11 10:33:09 ip-172-31-1-110 kernel: .... node  #0, CPUs:      #1
Mar 11 10:33:09 ip-172-31-1-110 kernel: smp: Brought up 1 node, 2 CPUs
Mar 11 10:33:09 ip-172-31-1-110 kernel: smpboot: Max logical packages: 1
Mar 11 10:33:09 ip-172-31-1-110 kernel: smpboot: Total of 2 processors activated (8799.99 BogoMIPS)
Mar 11 10:33:09 ip-172-31-1-110 kernel: node 0 deferred pages initialised in 10ms
Mar 11 10:33:09 ip-172-31-1-110 kernel: devtmpfs: initialized
Mar 11 10:33:09 ip-172-31-1-110 kernel: x86/mm: Memory block size: 128MB
Mar 11 10:33:09 ip-172-31-1-110 kernel: ACPI: PM: Registering ACPI NVS region [mem 0x70f5e000-0x70fddfff] (524288 bytes)
Mar 11 10:33:09 ip-172-31-1-110 kernel: clocksource: jiffies: mask: 0xffffffff max_cycles: 0xffffffff, max_idle_ns: 19112604462750000 ns
Mar 11 10:33:09 ip-172-31-1-110 kernel: futex hash table entries: 512 (order: 3, 32768 bytes, linear)
Mar 11 10:33:09 ip-172-31-1-110 kernel: NET: Registered PF_NETLINK/PF_ROUTE protocol family
Mar 11 10:33:09 ip-172-31-1-110 kernel: DMA: preallocated 256 KiB GFP_KERNEL pool for atomic allocations
Mar 11 10:33:09 ip-172-31-1-110 kernel: DMA: preallocated 256 KiB GFP_KERNEL|GFP_DMA pool for atomic allocations
Mar 11 10:33:09 ip-172-31-1-110 kernel: DMA: preallocated 256 KiB GFP_KERNEL|GFP_DMA32 pool for atomic allocations
Mar 11 10:33:09 ip-172-31-1-110 kernel: audit: initializing netlink subsys (disabled)
Mar 11 10:33:09 ip-172-31-1-110 kernel: audit: type=2000 audit(1773225189.217:1): state=initialized audit_enabled=0 res=1
Mar 11 10:33:09 ip-172-31-1-110 kernel: thermal_sys: Registered thermal governor 'fair_share'
Mar 11 10:33:09 ip-172-31-1-110 kernel: thermal_sys: Registered thermal governor 'step_wise'
Mar 11 10:33:09 ip-172-31-1-110 kernel: thermal_sys: Registered thermal governor 'user_space'
Mar 11 10:33:09 ip-172-31-1-110 kernel: cpuidle: using governor ladder
Mar 11 10:33:09 ip-172-31-1-110 kernel: cpuidle: using governor menu
Mar 11 10:33:09 ip-172-31-1-110 kernel: acpiphp: ACPI Hot Plug PCI Controller Driver version: 0.5
Mar 11 10:33:09 ip-172-31-1-110 kernel: PCI: Using configuration type 1 for base access
Mar 11 10:33:09 ip-172-31-1-110 kernel: PCI: Using configuration type 1 for extended access
Mar 11 10:33:09 ip-172-31-1-110 kernel: kprobes: kprobe jump-optimization is enabled. All kprobes are optimized if possible.
Mar 11 10:33:09 ip-172-31-1-110 kernel: HugeTLB: registered 1.00 GiB page size, pre-allocated 0 pages
Mar 11 10:33:09 ip-172-31-1-110 kernel: HugeTLB: 16380 KiB vmemmap can be freed for a 1.00 GiB page
Mar 11 10:33:09 ip-172-31-1-110 kernel: HugeTLB: registered 2.00 MiB page size, pre-allocated 0 pages
Mar 11 10:33:09 ip-172-31-1-110 kernel: HugeTLB: 28 KiB vmemmap can be freed for a 2.00 MiB page
Mar 11 10:33:09 ip-172-31-1-110 kernel: cryptd: max_cpu_qlen set to 1000
Mar 11 10:33:09 ip-172-31-1-110 kernel: ACPI: Added _OSI(Module Device)
Mar 11 10:33:09 ip-172-31-1-110 kernel: ACPI: Added _OSI(Processor Device)
Mar 11 10:33:09 ip-172-31-1-110 kernel: ACPI: Added _OSI(Processor Aggregator Device)
Mar 11 10:33:09 ip-172-31-1-110 kernel: ACPI: 3 ACPI AML tables successfully acquired and loaded
Mar 11 10:33:09 ip-172-31-1-110 kernel: ACPI: Interpreter enabled
Mar 11 10:33:09 ip-172-31-1-110 kernel: ACPI: PM: (supports S0 S4 S5)
Mar 11 10:33:09 ip-172-31-1-110 kernel: ACPI: Using IOAPIC for interrupt routing
Mar 11 10:33:09 ip-172-31-1-110 kernel: PCI: Using host bridge windows from ACPI; if necessary, use "pci=nocrs" and report a bug
Mar 11 10:33:09 ip-172-31-1-110 kernel: PCI: Using E820 reservations for host bridge windows
Mar 11 10:33:09 ip-172-31-1-110 kernel: ACPI: Enabled 2 GPEs in block 00 to 0F
Mar 11 10:33:09 ip-172-31-1-110 kernel: ACPI: PCI Root Bridge [PCI0] (domain 0000 [bus 00-ff])
Mar 11 10:33:09 ip-172-31-1-110 kernel: acpi PNP0A03:00: _OSC: OS supports [ExtendedConfig ASPM ClockPM Segments MSI HPX-Type3]
Mar 11 10:33:09 ip-172-31-1-110 kernel: acpiphp: Slot [3] registered
Mar 11 10:33:09 ip-172-31-1-110 kernel: acpiphp: Slot [4] registered
Mar 11 10:33:09 ip-172-31-1-110 kernel: acpiphp: Slot [5] registered
Mar 11 10:33:09 ip-172-31-1-110 kernel: acpiphp: Slot [6] registered
Mar 11 10:33:09 ip-172-31-1-110 kernel: acpiphp: Slot [7] registered
Mar 11 10:33:09 ip-172-31-1-110 kernel: acpiphp: Slot [8] registered
Mar 11 10:33:09 ip-172-31-1-110 kernel: acpiphp: Slot [9] registered
Mar 11 10:33:09 ip-172-31-1-110 kernel: acpiphp: Slot [10] registered
Mar 11 10:33:09 ip-172-31-1-110 kernel: acpiphp: Slot [11] registered
Mar 11 10:33:09 ip-172-31-1-110 kernel: acpiphp: Slot [12] registered
Mar 11 10:33:09 ip-172-31-1-110 kernel: acpiphp: Slot [13] registered
Mar 11 10:33:09 ip-172-31-1-110 kernel: acpiphp: Slot [14] registered
Mar 11 10:33:09 ip-172-31-1-110 kernel: acpiphp: Slot [15] registered
Mar 11 10:33:09 ip-172-31-1-110 kernel: acpiphp: Slot [16] registered
Mar 11 10:33:09 ip-172-31-1-110 kernel: acpiphp: Slot [17] registered
Mar 11 10:33:09 ip-172-31-1-110 kernel: acpiphp: Slot [18] registered
Mar 11 10:33:09 ip-172-31-1-110 kernel: acpiphp: Slot [19] registered
Mar 11 10:33:09 ip-172-31-1-110 kernel: acpiphp: Slot [20] registered
Mar 11 10:33:09 ip-172-31-1-110 kernel: acpiphp: Slot [21] registered
Mar 11 10:33:09 ip-172-31-1-110 kernel: acpiphp: Slot [22] registered
Mar 11 10:33:09 ip-172-31-1-110 kernel: acpiphp: Slot [23] registered
Mar 11 10:33:09 ip-172-31-1-110 kernel: acpiphp: Slot [24] registered
Mar 11 10:33:09 ip-172-31-1-110 kernel: acpiphp: Slot [25] registered
Mar 11 10:33:09 ip-172-31-1-110 kernel: acpiphp: Slot [26] registered
Mar 11 10:33:09 ip-172-31-1-110 kernel: acpiphp: Slot [27] registered
Mar 11 10:33:09 ip-172-31-1-110 kernel: acpiphp: Slot [28] registered
Mar 11 10:33:09 ip-172-31-1-110 kernel: acpiphp: Slot [29] registered
Mar 11 10:33:09 ip-172-31-1-110 kernel: acpiphp: Slot [30] registered
Mar 11 10:33:09 ip-172-31-1-110 kernel: acpiphp: Slot [31] registered
Mar 11 10:33:09 ip-172-31-1-110 kernel: PCI host bridge to bus 0000:00
Mar 11 10:33:09 ip-172-31-1-110 kernel: pci_bus 0000:00: root bus resource [io  0x0000-0x0cf7 window]
Mar 11 10:33:09 ip-172-31-1-110 kernel: pci_bus 0000:00: root bus resource [io  0x0d00-0xffff window]
Mar 11 10:33:09 ip-172-31-1-110 kernel: pci_bus 0000:00: root bus resource [mem 0x000a0000-0x000bffff window]
Mar 11 10:33:09 ip-172-31-1-110 kernel: pci_bus 0000:00: root bus resource [mem 0x80000000-0xfebfffff window]
Mar 11 10:33:09 ip-172-31-1-110 kernel: pci_bus 0000:00: root bus resource [mem 0x100000000-0x2000ffffffff window]
Mar 11 10:33:09 ip-172-31-1-110 kernel: pci_bus 0000:00: root bus resource [bus 00-ff]
Mar 11 10:33:09 ip-172-31-1-110 kernel: pci 0000:00:00.0: [8086:1237] type 00 class 0x060000
Mar 11 10:33:09 ip-172-31-1-110 kernel: pci 0000:00:01.0: [8086:7000] type 00 class 0x060100
Mar 11 10:33:09 ip-172-31-1-110 kernel: pci 0000:00:01.3: [8086:7113] type 00 class 0x000000
Mar 11 10:33:09 ip-172-31-1-110 kernel: pci 0000:00:01.3: quirk: [io  0xb000-0xb03f] claimed by PIIX4 ACPI
Mar 11 10:33:09 ip-172-31-1-110 kernel: pci 0000:00:01.3: PIIX4 devres E PIO at fff0-ffff
Mar 11 10:33:09 ip-172-31-1-110 kernel: pci 0000:00:01.3: PIIX4 devres F MMIO at ffc00000-ffffffff
Mar 11 10:33:09 ip-172-31-1-110 kernel: pci 0000:00:01.3: PIIX4 devres G PIO at fff0-ffff
Mar 11 10:33:09 ip-172-31-1-110 kernel: pci 0000:00:01.3: PIIX4 devres H MMIO at ffc00000-ffffffff
Mar 11 10:33:09 ip-172-31-1-110 kernel: pci 0000:00:01.3: PIIX4 devres I PIO at fff0-ffff
Mar 11 10:33:09 ip-172-31-1-110 kernel: pci 0000:00:01.3: PIIX4 devres J PIO at fff0-ffff
Mar 11 10:33:09 ip-172-31-1-110 kernel: pci 0000:00:03.0: [1d0f:1111] type 00 class 0x030000
Mar 11 10:33:09 ip-172-31-1-110 kernel: pci 0000:00:03.0: reg 0x10: [mem 0x80000000-0x803fffff pref]
Mar 11 10:33:09 ip-172-31-1-110 kernel: pci 0000:00:03.0: reg 0x30: [mem 0xffff0000-0xffffffff pref]
Mar 11 10:33:09 ip-172-31-1-110 kernel: pci 0000:00:03.0: Video device with shadowed ROM at [mem 0x000c0000-0x000dffff]
Mar 11 10:33:09 ip-172-31-1-110 kernel: pci 0000:00:04.0: [1d0f:8061] type 00 class 0x010802
Mar 11 10:33:09 ip-172-31-1-110 kernel: pci 0000:00:04.0: reg 0x10: [mem 0x80404000-0x80407fff]
Mar 11 10:33:09 ip-172-31-1-110 kernel: pci 0000:00:05.0: [1d0f:ec20] type 00 class 0x020000
Mar 11 10:33:09 ip-172-31-1-110 kernel: pci 0000:00:05.0: reg 0x10: [mem 0x80400000-0x80403fff]
Mar 11 10:33:09 ip-172-31-1-110 kernel: ACPI: PCI: Interrupt link LNKA configured for IRQ 10
Mar 11 10:33:09 ip-172-31-1-110 kernel: ACPI: PCI: Interrupt link LNKB configured for IRQ 10
Mar 11 10:33:09 ip-172-31-1-110 kernel: ACPI: PCI: Interrupt link LNKC configured for IRQ 11
Mar 11 10:33:09 ip-172-31-1-110 kernel: ACPI: PCI: Interrupt link LNKD configured for IRQ 11
Mar 11 10:33:09 ip-172-31-1-110 kernel: ACPI: PCI: Interrupt link LNKS configured for IRQ 9
Mar 11 10:33:09 ip-172-31-1-110 kernel: iommu: Default domain type: Translated 
Mar 11 10:33:09 ip-172-31-1-110 kernel: iommu: DMA domain TLB invalidation policy: lazy mode 
Mar 11 10:33:09 ip-172-31-1-110 kernel: pps_core: LinuxPPS API ver. 1 registered
Mar 11 10:33:09 ip-172-31-1-110 kernel: pps_core: Software ver. 5.3.6 - Copyright 2005-2007 Rodolfo Giometti <giometti@linux.it>
Mar 11 10:33:09 ip-172-31-1-110 kernel: PTP clock support registered
Mar 11 10:33:09 ip-172-31-1-110 kernel: EDAC MC: Ver: 3.0.0
Mar 11 10:33:09 ip-172-31-1-110 kernel: Registered efivars operations
Mar 11 10:33:09 ip-172-31-1-110 kernel: NetLabel: Initializing
Mar 11 10:33:09 ip-172-31-1-110 kernel: NetLabel:  domain hash size = 128
Mar 11 10:33:09 ip-172-31-1-110 kernel: NetLabel:  protocols = UNLABELED CIPSOv4 CALIPSO
Mar 11 10:33:09 ip-172-31-1-110 kernel: NetLabel:  unlabeled traffic allowed by default
Mar 11 10:33:09 ip-172-31-1-110 kernel: PCI: Using ACPI for IRQ routing
Mar 11 10:33:09 ip-172-31-1-110 kernel: hpet0: at MMIO 0xfed00000, IRQs 2, 8, 0, 0, 0, 0, 0, 0
Mar 11 10:33:09 ip-172-31-1-110 kernel: hpet0: 8 comparators, 32-bit 62.500000 MHz counter
Mar 11 10:33:09 ip-172-31-1-110 kernel: clocksource: Switched to clocksource kvm-clock
Mar 11 10:33:09 ip-172-31-1-110 kernel: VFS: Disk quotas dquot_6.6.0
Mar 11 10:33:09 ip-172-31-1-110 kernel: VFS: Dquot-cache hash table entries: 512 (order 0, 4096 bytes)
Mar 11 10:33:09 ip-172-31-1-110 kernel: pnp: PnP ACPI init
Mar 11 10:33:09 ip-172-31-1-110 kernel: pnp: PnP ACPI: found 5 devices
Mar 11 10:33:09 ip-172-31-1-110 kernel: clocksource: acpi_pm: mask: 0xffffff max_cycles: 0xffffff, max_idle_ns: 2085701024 ns
Mar 11 10:33:09 ip-172-31-1-110 kernel: NET: Registered PF_INET protocol family
Mar 11 10:33:09 ip-172-31-1-110 kernel: IP idents hash table entries: 32768 (order: 6, 262144 bytes, linear)
Mar 11 10:33:09 ip-172-31-1-110 kernel: tcp_listen_portaddr_hash hash table entries: 1024 (order: 2, 16384 bytes, linear)
Mar 11 10:33:09 ip-172-31-1-110 kernel: Table-perturb hash table entries: 65536 (order: 6, 262144 bytes, linear)
Mar 11 10:33:09 ip-172-31-1-110 kernel: TCP established hash table entries: 16384 (order: 5, 131072 bytes, linear)
Mar 11 10:33:09 ip-172-31-1-110 kernel: TCP bind hash table entries: 16384 (order: 7, 524288 bytes, linear)
Mar 11 10:33:09 ip-172-31-1-110 kernel: TCP: Hash tables configured (established 16384 bind 16384)
Mar 11 10:33:09 ip-172-31-1-110 kernel: MPTCP token hash table entries: 2048 (order: 4, 49152 bytes, linear)
Mar 11 10:33:09 ip-172-31-1-110 kernel: UDP hash table entries: 1024 (order: 3, 32768 bytes, linear)
Mar 11 10:33:09 ip-172-31-1-110 kernel: UDP-Lite hash table entries: 1024 (order: 3, 32768 bytes, linear)
Mar 11 10:33:09 ip-172-31-1-110 kernel: NET: Registered PF_UNIX/PF_LOCAL protocol family
Mar 11 10:33:09 ip-172-31-1-110 kernel: NET: Registered PF_XDP protocol family
Mar 11 10:33:09 ip-172-31-1-110 kernel: pci_bus 0000:00: resource 4 [io  0x0000-0x0cf7 window]
Mar 11 10:33:09 ip-172-31-1-110 kernel: pci_bus 0000:00: resource 5 [io  0x0d00-0xffff window]
Mar 11 10:33:09 ip-172-31-1-110 kernel: pci_bus 0000:00: resource 6 [mem 0x000a0000-0x000bffff window]
Mar 11 10:33:09 ip-172-31-1-110 kernel: pci_bus 0000:00: resource 7 [mem 0x80000000-0xfebfffff window]
Mar 11 10:33:09 ip-172-31-1-110 kernel: pci_bus 0000:00: resource 8 [mem 0x100000000-0x2000ffffffff window]
Mar 11 10:33:09 ip-172-31-1-110 kernel: pci 0000:00:00.0: Limiting direct PCI/PCI transfers
Mar 11 10:33:09 ip-172-31-1-110 kernel: PCI: CLS 0 bytes, default 64
Mar 11 10:33:09 ip-172-31-1-110 kernel: Trying to unpack rootfs image as initramfs...
Mar 11 10:33:09 ip-172-31-1-110 kernel: clocksource: tsc: mask: 0xffffffffffffffff max_cycles: 0x1fb63109b96, max_idle_ns: 440795265316 ns
Mar 11 10:33:09 ip-172-31-1-110 kernel: clocksource: Switched to clocksource tsc
Mar 11 10:33:09 ip-172-31-1-110 kernel: Initialise system trusted keyrings
Mar 11 10:33:09 ip-172-31-1-110 kernel: Key type blacklist registered
Mar 11 10:33:09 ip-172-31-1-110 kernel: workingset: timestamp_bits=36 max_order=19 bucket_order=0
Mar 11 10:33:09 ip-172-31-1-110 kernel: zbud: loaded
Mar 11 10:33:09 ip-172-31-1-110 kernel: SGI XFS with ACLs, security attributes, quota, no debug enabled
Mar 11 10:33:09 ip-172-31-1-110 kernel: integrity: Platform Keyring initialized
Mar 11 10:33:09 ip-172-31-1-110 kernel: Key type asymmetric registered
Mar 11 10:33:09 ip-172-31-1-110 kernel: Asymmetric key parser 'x509' registered
Mar 11 10:33:09 ip-172-31-1-110 kernel: Block layer SCSI generic (bsg) driver version 0.4 loaded (major 248)
Mar 11 10:33:09 ip-172-31-1-110 kernel: io scheduler mq-deadline registered
Mar 11 10:33:09 ip-172-31-1-110 kernel: io scheduler kyber registered
Mar 11 10:33:09 ip-172-31-1-110 kernel: io scheduler bfq registered
Mar 11 10:33:09 ip-172-31-1-110 kernel: shpchp: Standard Hot Plug PCI Controller Driver version: 0.4
Mar 11 10:33:09 ip-172-31-1-110 kernel: Serial: 8250/16550 driver, 4 ports, IRQ sharing disabled
Mar 11 10:33:09 ip-172-31-1-110 kernel: 00:04: ttyS0 at I/O 0x3f8 (irq = 4, base_baud = 115200) is a 16550A
Mar 11 10:33:09 ip-172-31-1-110 kernel: AMD-Vi: AMD IOMMUv2 functionality not available on this system - This is not a bug.
Mar 11 10:33:09 ip-172-31-1-110 kernel: nvme nvme0: pci function 0000:00:04.0
Mar 11 10:33:09 ip-172-31-1-110 kernel: rtc_cmos 00:00: RTC can wake from S4
Mar 11 10:33:09 ip-172-31-1-110 kernel: ACPI: \_SB_.LNKD: Enabled at IRQ 11
Mar 11 10:33:09 ip-172-31-1-110 kernel: rtc_cmos 00:00: registered as rtc0
Mar 11 10:33:09 ip-172-31-1-110 kernel: rtc_cmos 00:00: setting system clock to 2026-03-11T10:33:08 UTC (1773225188)
Mar 11 10:33:09 ip-172-31-1-110 kernel: rtc_cmos 00:00: alarms up to one day, 114 bytes nvram
Mar 11 10:33:09 ip-172-31-1-110 kernel: vmclock AMZNC10C:00: vmclock0: registered miscdev
Mar 11 10:33:09 ip-172-31-1-110 kernel: pstore: Registered efi as persistent store backend
Mar 11 10:33:09 ip-172-31-1-110 kernel: hid: raw HID events driver (C) Jiri Kosina
Mar 11 10:33:09 ip-172-31-1-110 kernel: nvme nvme0: 2/0/0 default/read/poll queues
Mar 11 10:33:09 ip-172-31-1-110 kernel: NET: Registered PF_INET6 protocol family
Mar 11 10:33:09 ip-172-31-1-110 kernel: nvme0n1: p1 p127 p128
Mar 11 10:33:09 ip-172-31-1-110 kernel: Freeing initrd memory: 20056K
Mar 11 10:33:09 ip-172-31-1-110 kernel: Segment Routing with IPv6
Mar 11 10:33:09 ip-172-31-1-110 kernel: In-situ OAM (IOAM) with IPv6
Mar 11 10:33:09 ip-172-31-1-110 kernel: NET: Registered PF_PACKET protocol family
Mar 11 10:33:09 ip-172-31-1-110 kernel: IPI shorthand broadcast: enabled
Mar 11 10:33:09 ip-172-31-1-110 kernel: AVX2 version of gcm_enc/dec engaged.
Mar 11 10:33:09 ip-172-31-1-110 kernel: AES CTR mode by8 optimization enabled
Mar 11 10:33:09 ip-172-31-1-110 kernel: sched_clock: Marking stable (501483524, 2831001)->(509859571, -5545046)
Mar 11 10:33:09 ip-172-31-1-110 kernel: registered taskstats version 1
Mar 11 10:33:09 ip-172-31-1-110 kernel: Loading compiled-in X.509 certificates
Mar 11 10:33:09 ip-172-31-1-110 kernel: Loaded X.509 cert 'Amazon.com: Amazon Linux Kernel Signing Key: f9fd1870c90fc33ea02cf63f2574498ae1b6400a'
Mar 11 10:33:09 ip-172-31-1-110 kernel: zswap: loaded using pool lzo/zbud
Mar 11 10:33:09 ip-172-31-1-110 kernel: Key type .fscrypt registered
Mar 11 10:33:09 ip-172-31-1-110 kernel: Key type fscrypt-provisioning registered
Mar 11 10:33:09 ip-172-31-1-110 kernel: pstore: Using crash dump compression: deflate
Mar 11 10:33:09 ip-172-31-1-110 kernel: ima: No TPM chip found, activating TPM-bypass!
Mar 11 10:33:09 ip-172-31-1-110 kernel: ima: Allocated hash algorithm: sha256
Mar 11 10:33:09 ip-172-31-1-110 kernel: ima: No architecture policies found
Mar 11 10:33:09 ip-172-31-1-110 kernel: clk: Disabling unused clocks
Mar 11 10:33:09 ip-172-31-1-110 kernel: Freeing unused decrypted memory: 2036K
Mar 11 10:33:09 ip-172-31-1-110 kernel: Freeing unused kernel image (initmem) memory: 2452K
Mar 11 10:33:09 ip-172-31-1-110 kernel: Write protecting the kernel read-only data: 26624k
Mar 11 10:33:09 ip-172-31-1-110 kernel: Freeing unused kernel image (text/rodata gap) memory: 2036K
Mar 11 10:33:09 ip-172-31-1-110 kernel: Freeing unused kernel image (rodata/data gap) memory: 1320K
Mar 11 10:33:09 ip-172-31-1-110 kernel: Run /init as init process
Mar 11 10:33:09 ip-172-31-1-110 systemd[1]: systemd 252.23-11.amzn2023 running in system mode (+PAM +AUDIT +SELINUX -APPARMOR +IMA +SMACK +SECCOMP -GCRYPT -GNUTLS +OPENSSL +ACL +BLKID +CURL +ELFUTILS +FIDO2 +IDN2 -IDN -IPTC +KMOD +LIBCRYPTSETUP +LIBFDISK +PCRE2 +PWQUALITY +P11KIT +QRENCODE +TPM2 -BZIP2 -LZ4 +XZ +ZLIB -ZSTD +BPF_FRAMEWORK +XKBCOMMON +UTMP +SYSVINIT default-hierarchy=unified)
Mar 11 10:33:09 ip-172-31-1-110 systemd[1]: Detected virtualization amazon.
Mar 11 10:33:09 ip-172-31-1-110 systemd[1]: Detected architecture x86-64.
Mar 11 10:33:09 ip-172-31-1-110 systemd[1]: Running in initrd.
Mar 11 10:33:09 ip-172-31-1-110 systemd[1]: No hostname configured, using default hostname.
Mar 11 10:33:09 ip-172-31-1-110 systemd[1]: Hostname set to <localhost>.
Mar 11 10:33:09 ip-172-31-1-110 systemd[1]: Initializing machine ID from VM UUID.
Mar 11 10:33:09 ip-172-31-1-110 systemd[1]: Queued start job for default target initrd.target.
Mar 11 10:33:09 ip-172-31-1-110 systemd[1]: Started systemd-ask-password-console.path - Dispatch Password Requests to Console Directory Watch.
Mar 11 10:33:09 ip-172-31-1-110 systemd[1]: Expecting device dev-disk-by\x2duuid-96e83033\x2d9c05\x2d4912\x2d8900\x2d93256ded3e51.device - /dev/disk/by-uuid/96e83033-9c05-4912-8900-93256ded3e51...
Mar 11 10:33:09 ip-172-31-1-110 systemd[1]: Reached target initrd-usr-fs.target - Initrd /usr File System.
Mar 11 10:33:09 ip-172-31-1-110 systemd[1]: Reached target local-fs.target - Local File Systems.
Mar 11 10:33:09 ip-172-31-1-110 systemd[1]: Reached target paths.target - Path Units.
Mar 11 10:33:09 ip-172-31-1-110 systemd[1]: Reached target slices.target - Slice Units.
Mar 11 10:33:09 ip-172-31-1-110 systemd[1]: Reached target swap.target - Swaps.
Mar 11 10:33:09 ip-172-31-1-110 systemd[1]: Reached target timers.target - Timer Units.
Mar 11 10:33:09 ip-172-31-1-110 systemd[1]: Listening on systemd-journald-audit.socket - Journal Audit Socket.
Mar 11 10:33:09 ip-172-31-1-110 systemd[1]: Listening on systemd-journald-dev-log.socket - Journal Socket (/dev/log).
Mar 11 10:33:09 ip-172-31-1-110 systemd[1]: Listening on systemd-journald.socket - Journal Socket.
Mar 11 10:33:09 ip-172-31-1-110 systemd[1]: Listening on systemd-udevd-control.socket - udev Control Socket.
Mar 11 10:33:09 ip-172-31-1-110 systemd[1]: Listening on systemd-udevd-kernel.socket - udev Kernel Socket.
Mar 11 10:33:09 ip-172-31-1-110 systemd[1]: Reached target sockets.target - Socket Units.
Mar 11 10:33:09 ip-172-31-1-110 systemd[1]: kmod-static-nodes.service - Create List of Static Device Nodes was skipped because of an unmet condition check (ConditionFileNotEmpty=/lib/modules/6.1.161-183.298.amzn2023.x86_64/modules.devname).
Mar 11 10:33:09 ip-172-31-1-110 systemd[1]: Starting systemd-journald.service - Journal Service...
Mar 11 10:33:09 ip-172-31-1-110 systemd[1]: systemd-modules-load.service - Load Kernel Modules was skipped because no trigger condition checks were met.
Mar 11 10:33:09 ip-172-31-1-110 systemd[1]: Starting systemd-sysctl.service - Apply Kernel Variables...
Mar 11 10:33:09 ip-172-31-1-110 systemd[1]: Starting systemd-sysusers.service - Create System Users...
Mar 11 10:33:09 ip-172-31-1-110 systemd[1]: Starting systemd-vconsole-setup.service - Setup Virtual Console...
Mar 11 10:33:09 ip-172-31-1-110 systemd[1]: Finished systemd-sysusers.service - Create System Users.
Mar 11 10:33:09 ip-172-31-1-110 kernel: audit: type=1130 audit(1773225189.100:2): pid=1 uid=0 auid=4294967295 ses=4294967295 subj=kernel msg='unit=systemd-sysusers comm="systemd" exe="/usr/lib/systemd/systemd" hostname=? addr=? terminal=? res=success'
Mar 11 10:33:09 ip-172-31-1-110 systemd[1]: Starting systemd-tmpfiles-setup-dev.service - Create Static Device Nodes in /dev...
Mar 11 10:33:09 ip-172-31-1-110 systemd-journald[346]: Journal started
Mar 11 10:33:09 ip-172-31-1-110 systemd-journald[346]: Runtime Journal (/run/log/journal/ec2773d47d01f7b344d6935a665cfa3c) is 4.8M, max 38.3M, 33.5M free.
Mar 11 10:33:09 ip-172-31-1-110 systemd[1]: Started systemd-journald.service - Journal Service.
Mar 11 10:33:09 ip-172-31-1-110 kernel: audit: type=1130 audit(1773225189.120:3): pid=1 uid=0 auid=4294967295 ses=4294967295 subj=kernel msg='unit=systemd-journald comm="systemd" exe="/usr/lib/systemd/systemd" hostname=? addr=? terminal=? res=success'
Mar 11 10:33:09 ip-172-31-1-110 audit[1]: SERVICE_START pid=1 uid=0 auid=4294967295 ses=4294967295 subj=kernel msg='unit=systemd-sysusers comm="systemd" exe="/usr/lib/systemd/systemd" hostname=? addr=? terminal=? res=success'
Mar 11 10:33:09 ip-172-31-1-110 audit[1]: SERVICE_START pid=1 uid=0 auid=4294967295 ses=4294967295 subj=kernel msg='unit=systemd-journald comm="systemd" exe="/usr/lib/systemd/systemd" hostname=? addr=? terminal=? res=success'
Mar 11 10:33:09 ip-172-31-1-110 systemd-sysusers[348]: Creating group 'nobody' with GID 65534.
Mar 11 10:33:09 ip-172-31-1-110 systemd-sysusers[348]: Creating group 'users' with GID 100.
Mar 11 10:33:09 ip-172-31-1-110 systemd-sysusers[348]: Creating group 'systemd-journal' with GID 190.
Mar 11 10:33:09 ip-172-31-1-110 systemd[1]: Starting systemd-tmpfiles-setup.service - Create Volatile Files and Directories...
Mar 11 10:33:09 ip-172-31-1-110 audit[1]: SERVICE_START pid=1 uid=0 auid=4294967295 ses=4294967295 subj=kernel msg='unit=systemd-vconsole-setup comm="systemd" exe="/usr/lib/systemd/systemd" hostname=? addr=? terminal=? res=success'
Mar 11 10:33:09 ip-172-31-1-110 systemd[1]: Finished systemd-vconsole-setup.service - Setup Virtual Console.
Mar 11 10:33:09 ip-172-31-1-110 systemd[1]: Finished systemd-tmpfiles-setup-dev.service - Create Static Device Nodes in /dev.
Mar 11 10:33:09 ip-172-31-1-110 audit[1]: SERVICE_START pid=1 uid=0 auid=4294967295 ses=4294967295 subj=kernel msg='unit=systemd-tmpfiles-setup-dev comm="systemd" exe="/usr/lib/systemd/systemd" hostname=? addr=? terminal=? res=success'
Mar 11 10:33:09 ip-172-31-1-110 systemd[1]: dracut-cmdline-ask.service - dracut ask for additional cmdline parameters was skipped because no trigger condition checks were met.
Mar 11 10:33:09 ip-172-31-1-110 systemd[1]: Starting dracut-cmdline.service - dracut cmdline hook...
Mar 11 10:33:09 ip-172-31-1-110 systemd[1]: Finished systemd-sysctl.service - Apply Kernel Variables.
Mar 11 10:33:09 ip-172-31-1-110 audit[1]: SERVICE_START pid=1 uid=0 auid=4294967295 ses=4294967295 subj=kernel msg='unit=systemd-sysctl comm="systemd" exe="/usr/lib/systemd/systemd" hostname=? addr=? terminal=? res=success'
Mar 11 10:33:09 ip-172-31-1-110 kernel: audit: type=1130 audit(1773225189.130:4): pid=1 uid=0 auid=4294967295 ses=4294967295 subj=kernel msg='unit=systemd-vconsole-setup comm="systemd" exe="/usr/lib/systemd/systemd" hostname=? addr=? terminal=? res=success'
Mar 11 10:33:09 ip-172-31-1-110 kernel: audit: type=1130 audit(1773225189.130:5): pid=1 uid=0 auid=4294967295 ses=4294967295 subj=kernel msg='unit=systemd-tmpfiles-setup-dev comm="systemd" exe="/usr/lib/systemd/systemd" hostname=? addr=? terminal=? res=success'
Mar 11 10:33:09 ip-172-31-1-110 kernel: audit: type=1130 audit(1773225189.130:6): pid=1 uid=0 auid=4294967295 ses=4294967295 subj=kernel msg='unit=systemd-sysctl comm="systemd" exe="/usr/lib/systemd/systemd" hostname=? addr=? terminal=? res=success'
Mar 11 10:33:09 ip-172-31-1-110 systemd-tmpfiles[355]: /usr/lib/tmpfiles.d/var.conf:14: Duplicate line for path "/var/log", ignoring.
Mar 11 10:33:09 ip-172-31-1-110 audit[1]: SERVICE_START pid=1 uid=0 auid=4294967295 ses=4294967295 subj=kernel msg='unit=systemd-tmpfiles-setup comm="systemd" exe="/usr/lib/systemd/systemd" hostname=? addr=? terminal=? res=success'
Mar 11 10:33:09 ip-172-31-1-110 systemd[1]: Finished systemd-tmpfiles-setup.service - Create Volatile Files and Directories.
Mar 11 10:33:09 ip-172-31-1-110 kernel: audit: type=1130 audit(1773225189.140:7): pid=1 uid=0 auid=4294967295 ses=4294967295 subj=kernel msg='unit=systemd-tmpfiles-setup comm="systemd" exe="/usr/lib/systemd/systemd" hostname=? addr=? terminal=? res=success'
Mar 11 10:33:09 ip-172-31-1-110 dracut-cmdline[357]: dracut-102-3.amzn2023.0.2
Mar 11 10:33:09 ip-172-31-1-110 dracut-cmdline[357]: Using kernel command line parameters:    BOOT_IMAGE=(hd0,gpt1)/boot/vmlinuz-6.1.161-183.298.amzn2023.x86_64 root=UUID=96e83033-9c05-4912-8900-93256ded3e51 ro console=tty0 console=ttyS0,115200n8 nvme_core.io_timeout=4294967295 rd.emergency=poweroff rd.shell=0 selinux=1 security=selinux quiet
Mar 11 10:33:09 ip-172-31-1-110 audit[1]: SERVICE_START pid=1 uid=0 auid=4294967295 ses=4294967295 subj=kernel msg='unit=dracut-cmdline comm="systemd" exe="/usr/lib/systemd/systemd" hostname=? addr=? terminal=? res=success'
Mar 11 10:33:09 ip-172-31-1-110 systemd[1]: Finished dracut-cmdline.service - dracut cmdline hook.
Mar 11 10:33:09 ip-172-31-1-110 systemd[1]: dracut-pre-udev.service - dracut pre-udev hook was skipped because no trigger condition checks were met.
Mar 11 10:33:09 ip-172-31-1-110 audit: BPF prog-id=6 op=LOAD
Mar 11 10:33:09 ip-172-31-1-110 audit: BPF prog-id=7 op=LOAD
Mar 11 10:33:09 ip-172-31-1-110 kernel: audit: type=1130 audit(1773225189.200:8): pid=1 uid=0 auid=4294967295 ses=4294967295 subj=kernel msg='unit=dracut-cmdline comm="systemd" exe="/usr/lib/systemd/systemd" hostname=? addr=? terminal=? res=success'
Mar 11 10:33:09 ip-172-31-1-110 kernel: audit: type=1334 audit(1773225189.200:9): prog-id=6 op=LOAD
Mar 11 10:33:09 ip-172-31-1-110 kernel: audit: type=1334 audit(1773225189.200:10): prog-id=7 op=LOAD
Mar 11 10:33:09 ip-172-31-1-110 systemd[1]: Starting systemd-udevd.service - Rule-based Manager for Device Events and Files...
Mar 11 10:33:09 ip-172-31-1-110 systemd-udevd[410]: Using default interface naming scheme 'v252'.
Mar 11 10:33:09 ip-172-31-1-110 systemd[1]: Started systemd-udevd.service - Rule-based Manager for Device Events and Files.
Mar 11 10:33:09 ip-172-31-1-110 audit[1]: SERVICE_START pid=1 uid=0 auid=4294967295 ses=4294967295 subj=kernel msg='unit=systemd-udevd comm="systemd" exe="/usr/lib/systemd/systemd" hostname=? addr=? terminal=? res=success'
Mar 11 10:33:09 ip-172-31-1-110 systemd[1]: Starting dracut-pre-trigger.service - dracut pre-trigger hook...
Mar 11 10:33:09 ip-172-31-1-110 systemd[1]: Finished dracut-pre-trigger.service - dracut pre-trigger hook.
Mar 11 10:33:09 ip-172-31-1-110 audit[1]: SERVICE_START pid=1 uid=0 auid=4294967295 ses=4294967295 subj=kernel msg='unit=dracut-pre-trigger comm="systemd" exe="/usr/lib/systemd/systemd" hostname=? addr=? terminal=? res=success'
Mar 11 10:33:09 ip-172-31-1-110 systemd[1]: Starting systemd-udev-trigger.service - Coldplug All udev Devices...
Mar 11 10:33:09 ip-172-31-1-110 audit[1]: SERVICE_START pid=1 uid=0 auid=4294967295 ses=4294967295 subj=kernel msg='unit=systemd-udev-trigger comm="systemd" exe="/usr/lib/systemd/systemd" hostname=? addr=? terminal=? res=success'
Mar 11 10:33:09 ip-172-31-1-110 systemd[1]: Finished systemd-udev-trigger.service - Coldplug All udev Devices.
Mar 11 10:33:09 ip-172-31-1-110 systemd[1]: Reached target sysinit.target - System Initialization.
Mar 11 10:33:09 ip-172-31-1-110 systemd[1]: Reached target basic.target - Basic System.
Mar 11 10:33:09 ip-172-31-1-110 systemd[1]: dracut-initqueue.service - dracut initqueue hook was skipped because no trigger condition checks were met.
Mar 11 10:33:09 ip-172-31-1-110 systemd[1]: Reached target remote-fs-pre.target - Preparation for Remote File Systems.
Mar 11 10:33:09 ip-172-31-1-110 systemd[1]: Reached target remote-fs.target - Remote File Systems.
Mar 11 10:33:09 ip-172-31-1-110 systemd[1]: dracut-pre-mount.service - dracut pre-mount hook was skipped because no trigger condition checks were met.
Mar 11 10:33:09 ip-172-31-1-110 audit[1]: SERVICE_START pid=1 uid=0 auid=4294967295 ses=4294967295 subj=kernel msg='unit=rngd comm="systemd" exe="/usr/lib/systemd/systemd" hostname=? addr=? terminal=? res=success'
Mar 11 10:33:09 ip-172-31-1-110 systemd[1]: Started rngd.service - Hardware RNG Entropy Gatherer Daemon.
Mar 11 10:33:09 ip-172-31-1-110 rngd[778]: Disabling 7: PKCS11 Entropy generator (pkcs11)
Mar 11 10:33:09 ip-172-31-1-110 rngd[778]: Disabling 5: NIST Network Entropy Beacon (nist)
Mar 11 10:33:09 ip-172-31-1-110 rngd[778]: Initializing available sources
Mar 11 10:33:09 ip-172-31-1-110 rngd[778]: [hwrng ]: Initialization Failed
Mar 11 10:33:09 ip-172-31-1-110 rngd[778]: [rdrand]: Enabling RDSEED rng support
Mar 11 10:33:09 ip-172-31-1-110 rngd[778]: [rdrand]: Initialized
Mar 11 10:33:09 ip-172-31-1-110 rngd[778]: [jitter]: JITTER timeout set to 5 sec
Mar 11 10:33:09 ip-172-31-1-110 systemd[1]: Found device dev-disk-by\x2duuid-96e83033\x2d9c05\x2d4912\x2d8900\x2d93256ded3e51.device - Amazon Elastic Block Store /.
Mar 11 10:33:09 ip-172-31-1-110 systemd[1]: Reached target initrd-root-device.target - Initrd Root Device.
Mar 11 10:33:09 ip-172-31-1-110 systemd[1]: Mounting sysroot.mount - /sysroot...
Mar 11 10:33:09 ip-172-31-1-110 rngd[778]: [jitter]: Initializing AES buffer
Mar 11 10:33:09 ip-172-31-1-110 kernel: XFS (nvme0n1p1): Mounting V5 Filesystem
Mar 11 10:33:09 ip-172-31-1-110 systemd[1]: Mounted sysroot.mount - /sysroot.
Mar 11 10:33:09 ip-172-31-1-110 systemd[1]: Reached target initrd-root-fs.target - Initrd Root File System.
Mar 11 10:33:09 ip-172-31-1-110 kernel: XFS (nvme0n1p1): Ending clean mount
Mar 11 10:33:09 ip-172-31-1-110 systemd[1]: Starting initrd-parse-etc.service - Mountpoints Configured in the Real Root...
Mar 11 10:33:09 ip-172-31-1-110 systemd[1]: initrd-parse-etc.service: Deactivated successfully.
Mar 11 10:33:09 ip-172-31-1-110 systemd[1]: Finished initrd-parse-etc.service - Mountpoints Configured in the Real Root.
Mar 11 10:33:09 ip-172-31-1-110 audit[1]: SERVICE_START pid=1 uid=0 auid=4294967295 ses=4294967295 subj=kernel msg='unit=initrd-parse-etc comm="systemd" exe="/usr/lib/systemd/systemd" hostname=? addr=? terminal=? res=success'
Mar 11 10:33:09 ip-172-31-1-110 audit[1]: SERVICE_STOP pid=1 uid=0 auid=4294967295 ses=4294967295 subj=kernel msg='unit=initrd-parse-etc comm="systemd" exe="/usr/lib/systemd/systemd" hostname=? addr=? terminal=? res=success'
Mar 11 10:33:09 ip-172-31-1-110 systemd[1]: Reached target initrd-fs.target - Initrd File Systems.
Mar 11 10:33:09 ip-172-31-1-110 systemd[1]: Reached target initrd.target - Initrd Default Target.
Mar 11 10:33:09 ip-172-31-1-110 systemd[1]: dracut-mount.service - dracut mount hook was skipped because no trigger condition checks were met.
Mar 11 10:33:09 ip-172-31-1-110 systemd[1]: dracut-pre-pivot.service - dracut pre-pivot and cleanup hook was skipped because no trigger condition checks were met.
Mar 11 10:33:09 ip-172-31-1-110 systemd[1]: Starting initrd-cleanup.service - Cleaning Up and Shutting Down Daemons...
Mar 11 10:33:09 ip-172-31-1-110 systemd[1]: Stopped target initrd.target - Initrd Default Target.
Mar 11 10:33:09 ip-172-31-1-110 systemd[1]: Stopped target initrd-root-device.target - Initrd Root Device.
Mar 11 10:33:09 ip-172-31-1-110 systemd[1]: Stopped target initrd-usr-fs.target - Initrd /usr File System.
Mar 11 10:33:09 ip-172-31-1-110 systemd[1]: Stopped target remote-fs.target - Remote File Systems.
Mar 11 10:33:09 ip-172-31-1-110 systemd[1]: Stopped target remote-fs-pre.target - Preparation for Remote File Systems.
Mar 11 10:33:09 ip-172-31-1-110 systemd[1]: Stopped target timers.target - Timer Units.
Mar 11 10:33:09 ip-172-31-1-110 systemd[1]: dracut-cmdline.service: Deactivated successfully.
Mar 11 10:33:09 ip-172-31-1-110 systemd[1]: Stopped dracut-cmdline.service - dracut cmdline hook.
Mar 11 10:33:09 ip-172-31-1-110 audit[1]: SERVICE_STOP pid=1 uid=0 auid=4294967295 ses=4294967295 subj=kernel msg='unit=dracut-cmdline comm="systemd" exe="/usr/lib/systemd/systemd" hostname=? addr=? terminal=? res=success'
Mar 11 10:33:09 ip-172-31-1-110 systemd[1]: Stopping rngd.service - Hardware RNG Entropy Gatherer Daemon...
Mar 11 10:33:09 ip-172-31-1-110 systemd[1]: systemd-vconsole-setup.service: Deactivated successfully.
Mar 11 10:33:09 ip-172-31-1-110 systemd[1]: Stopped systemd-vconsole-setup.service - Setup Virtual Console.
Mar 11 10:33:09 ip-172-31-1-110 audit[1]: SERVICE_STOP pid=1 uid=0 auid=4294967295 ses=4294967295 subj=kernel msg='unit=systemd-vconsole-setup comm="systemd" exe="/usr/lib/systemd/systemd" hostname=? addr=? terminal=? res=success'
Mar 11 10:33:09 ip-172-31-1-110 audit[1]: SERVICE_STOP pid=1 uid=0 auid=4294967295 ses=4294967295 subj=kernel msg='unit=rngd comm="systemd" exe="/usr/lib/systemd/systemd" hostname=? addr=? terminal=? res=success'
Mar 11 10:33:09 ip-172-31-1-110 systemd[1]: rngd.service: Deactivated successfully.
Mar 11 10:33:09 ip-172-31-1-110 systemd[1]: Stopped rngd.service - Hardware RNG Entropy Gatherer Daemon.
Mar 11 10:33:09 ip-172-31-1-110 systemd[1]: initrd-cleanup.service: Deactivated successfully.
Mar 11 10:33:09 ip-172-31-1-110 systemd[1]: Finished initrd-cleanup.service - Cleaning Up and Shutting Down Daemons.
Mar 11 10:33:09 ip-172-31-1-110 audit[1]: SERVICE_START pid=1 uid=0 auid=4294967295 ses=4294967295 subj=kernel msg='unit=initrd-cleanup comm="systemd" exe="/usr/lib/systemd/systemd" hostname=? addr=? terminal=? res=success'
Mar 11 10:33:09 ip-172-31-1-110 audit[1]: SERVICE_STOP pid=1 uid=0 auid=4294967295 ses=4294967295 subj=kernel msg='unit=initrd-cleanup comm="systemd" exe="/usr/lib/systemd/systemd" hostname=? addr=? terminal=? res=success'
Mar 11 10:33:09 ip-172-31-1-110 systemd[1]: Stopped target basic.target - Basic System.
Mar 11 10:33:09 ip-172-31-1-110 systemd[1]: Stopped target paths.target - Path Units.
Mar 11 10:33:09 ip-172-31-1-110 systemd[1]: systemd-ask-password-console.path: Deactivated successfully.
Mar 11 10:33:09 ip-172-31-1-110 systemd[1]: Stopped systemd-ask-password-console.path - Dispatch Password Requests to Console Directory Watch.
Mar 11 10:33:09 ip-172-31-1-110 systemd[1]: Stopped target slices.target - Slice Units.
Mar 11 10:33:09 ip-172-31-1-110 systemd[1]: Stopped target sockets.target - Socket Units.
Mar 11 10:33:09 ip-172-31-1-110 systemd[1]: Stopped target sysinit.target - System Initialization.
Mar 11 10:33:09 ip-172-31-1-110 systemd[1]: Stopped target swap.target - Swaps.
Mar 11 10:33:09 ip-172-31-1-110 systemd[1]: systemd-sysctl.service: Deactivated successfully.
Mar 11 10:33:09 ip-172-31-1-110 systemd[1]: Stopped systemd-sysctl.service - Apply Kernel Variables.
Mar 11 10:33:09 ip-172-31-1-110 audit[1]: SERVICE_STOP pid=1 uid=0 auid=4294967295 ses=4294967295 subj=kernel msg='unit=systemd-sysctl comm="systemd" exe="/usr/lib/systemd/systemd" hostname=? addr=? terminal=? res=success'
Mar 11 10:33:09 ip-172-31-1-110 systemd[1]: systemd-tmpfiles-setup.service: Deactivated successfully.
Mar 11 10:33:09 ip-172-31-1-110 systemd[1]: Stopped systemd-tmpfiles-setup.service - Create Volatile Files and Directories.
Mar 11 10:33:09 ip-172-31-1-110 audit[1]: SERVICE_STOP pid=1 uid=0 auid=4294967295 ses=4294967295 subj=kernel msg='unit=systemd-tmpfiles-setup comm="systemd" exe="/usr/lib/systemd/systemd" hostname=? addr=? terminal=? res=success'
Mar 11 10:33:09 ip-172-31-1-110 systemd[1]: Stopped target local-fs.target - Local File Systems.
Mar 11 10:33:09 ip-172-31-1-110 systemd[1]: systemd-udev-trigger.service: Deactivated successfully.
Mar 11 10:33:09 ip-172-31-1-110 systemd[1]: Stopped systemd-udev-trigger.service - Coldplug All udev Devices.
Mar 11 10:33:09 ip-172-31-1-110 audit[1]: SERVICE_STOP pid=1 uid=0 auid=4294967295 ses=4294967295 subj=kernel msg='unit=systemd-udev-trigger comm="systemd" exe="/usr/lib/systemd/systemd" hostname=? addr=? terminal=? res=success'
Mar 11 10:33:09 ip-172-31-1-110 systemd[1]: dracut-pre-trigger.service: Deactivated successfully.
Mar 11 10:33:09 ip-172-31-1-110 systemd[1]: Stopped dracut-pre-trigger.service - dracut pre-trigger hook.
Mar 11 10:33:09 ip-172-31-1-110 audit[1]: SERVICE_STOP pid=1 uid=0 auid=4294967295 ses=4294967295 subj=kernel msg='unit=dracut-pre-trigger comm="systemd" exe="/usr/lib/systemd/systemd" hostname=? addr=? terminal=? res=success'
Mar 11 10:33:09 ip-172-31-1-110 systemd[1]: Stopping systemd-udevd.service - Rule-based Manager for Device Events and Files...
Mar 11 10:33:09 ip-172-31-1-110 systemd[1]: run-credentials-systemd\x2dtmpfiles\x2dsetup.service.mount: Deactivated successfully.
Mar 11 10:33:09 ip-172-31-1-110 systemd[1]: run-credentials-systemd\x2dsysctl.service.mount: Deactivated successfully.
Mar 11 10:33:09 ip-172-31-1-110 systemd[1]: systemd-udevd.service: Deactivated successfully.
Mar 11 10:33:09 ip-172-31-1-110 systemd[1]: Stopped systemd-udevd.service - Rule-based Manager for Device Events and Files.
Mar 11 10:33:09 ip-172-31-1-110 audit[1]: SERVICE_STOP pid=1 uid=0 auid=4294967295 ses=4294967295 subj=kernel msg='unit=systemd-udevd comm="systemd" exe="/usr/lib/systemd/systemd" hostname=? addr=? terminal=? res=success'
Mar 11 10:33:09 ip-172-31-1-110 systemd[1]: systemd-udevd-control.socket: Deactivated successfully.
Mar 11 10:33:09 ip-172-31-1-110 systemd[1]: Closed systemd-udevd-control.socket - udev Control Socket.
Mar 11 10:33:09 ip-172-31-1-110 systemd[1]: systemd-udevd-kernel.socket: Deactivated successfully.
Mar 11 10:33:09 ip-172-31-1-110 systemd[1]: Closed systemd-udevd-kernel.socket - udev Kernel Socket.
Mar 11 10:33:09 ip-172-31-1-110 audit[1]: SERVICE_STOP pid=1 uid=0 auid=4294967295 ses=4294967295 subj=kernel msg='unit=systemd-tmpfiles-setup-dev comm="systemd" exe="/usr/lib/systemd/systemd" hostname=? addr=? terminal=? res=success'
Mar 11 10:33:09 ip-172-31-1-110 audit[1]: SERVICE_STOP pid=1 uid=0 auid=4294967295 ses=4294967295 subj=kernel msg='unit=systemd-sysusers comm="systemd" exe="/usr/lib/systemd/systemd" hostname=? addr=? terminal=? res=success'
Mar 11 10:33:09 ip-172-31-1-110 systemd[1]: Starting initrd-udevadm-cleanup-db.service - Cleanup udev Database...
Mar 11 10:33:09 ip-172-31-1-110 systemd[1]: systemd-tmpfiles-setup-dev.service: Deactivated successfully.
Mar 11 10:33:09 ip-172-31-1-110 systemd[1]: Stopped systemd-tmpfiles-setup-dev.service - Create Static Device Nodes in /dev.
Mar 11 10:33:09 ip-172-31-1-110 systemd[1]: systemd-sysusers.service: Deactivated successfully.
Mar 11 10:33:09 ip-172-31-1-110 systemd[1]: Stopped systemd-sysusers.service - Create System Users.
Mar 11 10:33:09 ip-172-31-1-110 systemd[1]: run-credentials-systemd\x2dtmpfiles\x2dsetup\x2ddev.service.mount: Deactivated successfully.
Mar 11 10:33:09 ip-172-31-1-110 systemd[1]: run-credentials-systemd\x2dsysusers.service.mount: Deactivated successfully.
Mar 11 10:33:09 ip-172-31-1-110 systemd[1]: initrd-udevadm-cleanup-db.service: Deactivated successfully.
Mar 11 10:33:09 ip-172-31-1-110 systemd[1]: Finished initrd-udevadm-cleanup-db.service - Cleanup udev Database.
Mar 11 10:33:09 ip-172-31-1-110 audit[1]: SERVICE_START pid=1 uid=0 auid=4294967295 ses=4294967295 subj=kernel msg='unit=initrd-udevadm-cleanup-db comm="systemd" exe="/usr/lib/systemd/systemd" hostname=? addr=? terminal=? res=success'
Mar 11 10:33:09 ip-172-31-1-110 audit[1]: SERVICE_STOP pid=1 uid=0 auid=4294967295 ses=4294967295 subj=kernel msg='unit=initrd-udevadm-cleanup-db comm="systemd" exe="/usr/lib/systemd/systemd" hostname=? addr=? terminal=? res=success'
Mar 11 10:33:09 ip-172-31-1-110 systemd[1]: Reached target initrd-switch-root.target - Switch Root.
Mar 11 10:33:09 ip-172-31-1-110 systemd[1]: Starting initrd-switch-root.service - Switch Root...
Mar 11 10:33:09 ip-172-31-1-110 systemd[1]: Switching root.
Mar 11 10:33:10 ip-172-31-1-110 systemd-journald[346]: Journal stopped
Mar 11 10:33:11 ip-172-31-1-110 systemd-journald[346]: Received SIGTERM from PID 1 (systemd).
Mar 11 10:33:11 ip-172-31-1-110 kernel: SELinux:  Class user_namespace not defined in policy.
Mar 11 10:33:11 ip-172-31-1-110 kernel: SELinux: the above unknown classes and permissions will be allowed
Mar 11 10:33:11 ip-172-31-1-110 kernel: SELinux:  policy capability network_peer_controls=1
Mar 11 10:33:11 ip-172-31-1-110 kernel: SELinux:  policy capability open_perms=1
Mar 11 10:33:11 ip-172-31-1-110 kernel: SELinux:  policy capability extended_socket_class=1
Mar 11 10:33:11 ip-172-31-1-110 kernel: SELinux:  policy capability always_check_network=0
Mar 11 10:33:11 ip-172-31-1-110 kernel: SELinux:  policy capability cgroup_seclabel=1
Mar 11 10:33:11 ip-172-31-1-110 kernel: SELinux:  policy capability nnp_nosuid_transition=1
Mar 11 10:33:11 ip-172-31-1-110 kernel: SELinux:  policy capability genfs_seclabel_symlinks=1
Mar 11 10:33:11 ip-172-31-1-110 kernel: SELinux:  policy capability ioctl_skip_cloexec=0
Mar 11 10:33:11 ip-172-31-1-110 systemd[1]: Successfully loaded SELinux policy in 207.707ms.
Mar 11 10:33:11 ip-172-31-1-110 systemd[1]: Relabelled /dev, /dev/shm, /run, /sys/fs/cgroup in 36.569ms.
Mar 11 10:33:11 ip-172-31-1-110 systemd[1]: systemd 252.23-11.amzn2023 running in system mode (+PAM +AUDIT +SELINUX -APPARMOR +IMA +SMACK +SECCOMP -GCRYPT -GNUTLS +OPENSSL +ACL +BLKID +CURL +ELFUTILS +FIDO2 +IDN2 -IDN -IPTC +KMOD +LIBCRYPTSETUP +LIBFDISK +PCRE2 +PWQUALITY +P11KIT +QRENCODE +TPM2 -BZIP2 -LZ4 +XZ +ZLIB -ZSTD +BPF_FRAMEWORK +XKBCOMMON +UTMP +SYSVINIT default-hierarchy=unified)
Mar 11 10:33:11 ip-172-31-1-110 systemd[1]: Detected virtualization amazon.
Mar 11 10:33:11 ip-172-31-1-110 systemd[1]: Detected architecture x86-64.
Mar 11 10:33:11 ip-172-31-1-110 systemd[1]: Hostname set to <ip-172-31-1-110.ap-southeast-1.compute.internal>.
Mar 11 10:33:11 ip-172-31-1-110 systemd[1]: bpf-lsm: LSM BPF program attached
Mar 11 10:33:11 ip-172-31-1-110 zram_generator::config[826]: zram0: system has too much memory (1919MB), limit is 800MB, ignoring.
Mar 11 10:33:11 ip-172-31-1-110 systemd[1]: /usr/lib/systemd/system/acpid.socket:6: ListenStream= references a path below legacy directory /var/run/, updating /var/run/acpid.socket → /run/acpid.socket; please update the unit file accordingly.
Mar 11 10:33:11 ip-172-31-1-110 systemd[1]: initrd-switch-root.service: Deactivated successfully.
Mar 11 10:33:11 ip-172-31-1-110 systemd[1]: Stopped initrd-switch-root.service - Switch Root.
Mar 11 10:33:11 ip-172-31-1-110 systemd[1]: systemd-journald.service: Scheduled restart job, restart counter is at 1.
Mar 11 10:33:11 ip-172-31-1-110 systemd[1]: Created slice system-getty.slice - Slice /system/getty.
Mar 11 10:33:11 ip-172-31-1-110 systemd[1]: Created slice system-modprobe.slice - Slice /system/modprobe.
Mar 11 10:33:11 ip-172-31-1-110 systemd[1]: Created slice system-serial\x2dgetty.slice - Slice /system/serial-getty.
Mar 11 10:33:11 ip-172-31-1-110 systemd[1]: Created slice system-sshd\x2dkeygen.slice - Slice /system/sshd-keygen.
Mar 11 10:33:11 ip-172-31-1-110 systemd[1]: Created slice user.slice - User and Session Slice.
Mar 11 10:33:11 ip-172-31-1-110 systemd[1]: Started systemd-ask-password-console.path - Dispatch Password Requests to Console Directory Watch.
Mar 11 10:33:11 ip-172-31-1-110 systemd[1]: Started systemd-ask-password-wall.path - Forward Password Requests to Wall Directory Watch.
Mar 11 10:33:11 ip-172-31-1-110 systemd[1]: Set up automount proc-sys-fs-binfmt_misc.automount - Arbitrary Executable File Formats File System Automount Point.
Mar 11 10:33:11 ip-172-31-1-110 systemd[1]: Expecting device dev-ttyS0.device - /dev/ttyS0...
Mar 11 10:33:11 ip-172-31-1-110 systemd[1]: Reached target aws-eb.target.
Mar 11 10:33:11 ip-172-31-1-110 systemd[1]: Reached target cryptsetup.target - Local Encrypted Volumes.
Mar 11 10:33:11 ip-172-31-1-110 systemd[1]: Stopped target initrd-switch-root.target - Switch Root.
Mar 11 10:33:11 ip-172-31-1-110 systemd[1]: Stopped target initrd-fs.target - Initrd File Systems.
Mar 11 10:33:11 ip-172-31-1-110 systemd[1]: Stopped target initrd-root-fs.target - Initrd Root File System.
Mar 11 10:33:11 ip-172-31-1-110 systemd[1]: Reached target integritysetup.target - Local Integrity Protected Volumes.
Mar 11 10:33:11 ip-172-31-1-110 systemd[1]: Reached target paths.target - Path Units.
Mar 11 10:33:11 ip-172-31-1-110 systemd[1]: Reached target slices.target - Slice Units.
Mar 11 10:33:11 ip-172-31-1-110 systemd[1]: Reached target swap.target - Swaps.
Mar 11 10:33:11 ip-172-31-1-110 systemd[1]: Reached target veritysetup.target - Local Verity Protected Volumes.
Mar 11 10:33:11 ip-172-31-1-110 systemd[1]: Listening on systemd-coredump.socket - Process Core Dump Socket.
Mar 11 10:33:11 ip-172-31-1-110 systemd[1]: Listening on systemd-initctl.socket - initctl Compatibility Named Pipe.
Mar 11 10:33:11 ip-172-31-1-110 systemd[1]: Listening on systemd-networkd.socket - Network Service Netlink Socket.
Mar 11 10:33:11 ip-172-31-1-110 systemd[1]: Listening on systemd-udevd-control.socket - udev Control Socket.
Mar 11 10:33:11 ip-172-31-1-110 systemd[1]: Listening on systemd-udevd-kernel.socket - udev Kernel Socket.
Mar 11 10:33:11 ip-172-31-1-110 systemd[1]: Listening on systemd-userdbd.socket - User Database Manager Socket.
Mar 11 10:33:11 ip-172-31-1-110 systemd[1]: Mounting dev-hugepages.mount - Huge Pages File System...
Mar 11 10:33:11 ip-172-31-1-110 systemd[1]: Mounting dev-mqueue.mount - POSIX Message Queue File System...
Mar 11 10:33:11 ip-172-31-1-110 systemd[1]: Mounting sys-kernel-debug.mount - Kernel Debug File System...
Mar 11 10:33:11 ip-172-31-1-110 systemd[1]: Mounting sys-kernel-tracing.mount - Kernel Trace File System...
Mar 11 10:33:11 ip-172-31-1-110 systemd[1]: Mounting tmp.mount - Temporary Directory /tmp...
Mar 11 10:33:11 ip-172-31-1-110 systemd[1]: auth-rpcgss-module.service - Kernel Module supporting RPCSEC_GSS was skipped because of an unmet condition check (ConditionPathExists=/etc/krb5.keytab).
Mar 11 10:33:11 ip-172-31-1-110 systemd[1]: Starting kmod-static-nodes.service - Create List of Static Device Nodes...
Mar 11 10:33:11 ip-172-31-1-110 systemd[1]: Starting modprobe@configfs.service - Load Kernel Module configfs...
Mar 11 10:33:11 ip-172-31-1-110 systemd[1]: Starting modprobe@dm_mod.service - Load Kernel Module dm_mod...
Mar 11 10:33:11 ip-172-31-1-110 systemd[1]: Starting modprobe@drm.service - Load Kernel Module drm...
Mar 11 10:33:11 ip-172-31-1-110 systemd[1]: Starting modprobe@efi_pstore.service - Load Kernel Module efi_pstore...
Mar 11 10:33:11 ip-172-31-1-110 systemd[1]: Starting modprobe@fuse.service - Load Kernel Module fuse...
Mar 11 10:33:11 ip-172-31-1-110 systemd[1]: Starting modprobe@loop.service - Load Kernel Module loop...
Mar 11 10:33:11 ip-172-31-1-110 systemd[1]: Starting nfs-convert.service - Preprocess NFS configuration convertion...
Mar 11 10:33:11 ip-172-31-1-110 systemd[1]: Starting systemd-fsck-root.service - File System Check on Root Device...
Mar 11 10:33:11 ip-172-31-1-110 systemd[1]: Stopped systemd-journald.service - Journal Service.
Mar 11 10:33:11 ip-172-31-1-110 systemd[1]: Starting systemd-journald.service - Journal Service...
Mar 11 10:33:11 ip-172-31-1-110 systemd[1]: systemd-modules-load.service - Load Kernel Modules was skipped because no trigger condition checks were met.
Mar 11 10:33:11 ip-172-31-1-110 systemd[1]: Starting systemd-network-generator.service - Generate network units from Kernel command line...
Mar 11 10:33:11 ip-172-31-1-110 systemd[1]: Starting systemd-sysctl.service - Apply Kernel Variables...
Mar 11 10:33:11 ip-172-31-1-110 systemd[1]: Starting systemd-udev-trigger.service - Coldplug All udev Devices...
Mar 11 10:33:11 ip-172-31-1-110 systemd[1]: Mounted dev-hugepages.mount - Huge Pages File System.
Mar 11 10:33:11 ip-172-31-1-110 systemd[1]: Mounted dev-mqueue.mount - POSIX Message Queue File System.
Mar 11 10:33:11 ip-172-31-1-110 systemd[1]: Mounted sys-kernel-debug.mount - Kernel Debug File System.
Mar 11 10:33:11 ip-172-31-1-110 systemd[1]: Mounted sys-kernel-tracing.mount - Kernel Trace File System.
Mar 11 10:33:11 ip-172-31-1-110 systemd[1]: Mounted tmp.mount - Temporary Directory /tmp.
Mar 11 10:33:11 ip-172-31-1-110 systemd[1]: Finished kmod-static-nodes.service - Create List of Static Device Nodes.
Mar 11 10:33:11 ip-172-31-1-110 systemd[1]: modprobe@configfs.service: Deactivated successfully.
Mar 11 10:33:11 ip-172-31-1-110 kernel: fuse: init (API version 7.38)
Mar 11 10:33:11 ip-172-31-1-110 kernel: device-mapper: core: CONFIG_IMA_DISABLE_HTABLE is disabled. Duplicate IMA measurements will not be recorded in the IMA log.
Mar 11 10:33:11 ip-172-31-1-110 kernel: device-mapper: uevent: version 1.0.3
Mar 11 10:33:11 ip-172-31-1-110 kernel: device-mapper: ioctl: 4.47.0-ioctl (2022-07-28) initialised: dm-devel@redhat.com
Mar 11 10:33:11 ip-172-31-1-110 systemd-journald[847]: Journal started
Mar 11 10:33:11 ip-172-31-1-110 systemd-journald[847]: Runtime Journal (/run/log/journal/ec2f5f94a8ab1256fb33e06e764d720c) is 4.8M, max 38.3M, 33.5M free.
Mar 11 10:33:11 ip-172-31-1-110 audit: MAC_POLICY_LOAD auid=4294967295 ses=4294967295 lsm=selinux res=1
Mar 11 10:33:11 ip-172-31-1-110 audit: BPF prog-id=8 op=LOAD
Mar 11 10:33:11 ip-172-31-1-110 audit: BPF prog-id=8 op=UNLOAD
Mar 11 10:33:11 ip-172-31-1-110 audit: BPF prog-id=9 op=LOAD
Mar 11 10:33:11 ip-172-31-1-110 audit: BPF prog-id=9 op=UNLOAD
Mar 11 10:33:11 ip-172-31-1-110 audit: BPF prog-id=10 op=LOAD
Mar 11 10:33:11 ip-172-31-1-110 audit: BPF prog-id=10 op=UNLOAD
Mar 11 10:33:11 ip-172-31-1-110 audit: BPF prog-id=11 op=LOAD
Mar 11 10:33:11 ip-172-31-1-110 audit: BPF prog-id=11 op=UNLOAD
Mar 11 10:33:11 ip-172-31-1-110 audit: BPF prog-id=12 op=LOAD
Mar 11 10:33:11 ip-172-31-1-110 audit: BPF prog-id=12 op=UNLOAD
Mar 11 10:33:11 ip-172-31-1-110 audit: BPF prog-id=13 op=LOAD
Mar 11 10:33:11 ip-172-31-1-110 audit: BPF prog-id=13 op=UNLOAD
Mar 11 10:33:11 ip-172-31-1-110 audit: BPF prog-id=14 op=LOAD
Mar 11 10:33:11 ip-172-31-1-110 audit: BPF prog-id=15 op=LOAD
Mar 11 10:33:11 ip-172-31-1-110 audit: BPF prog-id=14 op=UNLOAD
Mar 11 10:33:11 ip-172-31-1-110 audit: BPF prog-id=15 op=UNLOAD
Mar 11 10:33:11 ip-172-31-1-110 audit: BPF prog-id=16 op=LOAD
Mar 11 10:33:11 ip-172-31-1-110 audit: BPF prog-id=16 op=UNLOAD
Mar 11 10:33:11 ip-172-31-1-110 audit: BPF prog-id=17 op=LOAD
Mar 11 10:33:11 ip-172-31-1-110 audit: BPF prog-id=17 op=UNLOAD
Mar 11 10:33:11 ip-172-31-1-110 audit: BPF prog-id=18 op=LOAD
Mar 11 10:33:11 ip-172-31-1-110 audit: BPF prog-id=18 op=UNLOAD
Mar 11 10:33:11 ip-172-31-1-110 audit: BPF prog-id=19 op=LOAD
Mar 11 10:33:11 ip-172-31-1-110 audit: BPF prog-id=19 op=UNLOAD
Mar 11 10:33:11 ip-172-31-1-110 audit: BPF prog-id=20 op=LOAD
Mar 11 10:33:11 ip-172-31-1-110 audit: BPF prog-id=21 op=LOAD
Mar 11 10:33:11 ip-172-31-1-110 audit: BPF prog-id=21 op=UNLOAD
Mar 11 10:33:11 ip-172-31-1-110 audit: BPF prog-id=22 op=LOAD
Mar 11 10:33:11 ip-172-31-1-110 audit: BPF prog-id=20 op=UNLOAD
Mar 11 10:33:11 ip-172-31-1-110 audit: BPF prog-id=22 op=UNLOAD
Mar 11 10:33:11 ip-172-31-1-110 audit: BPF prog-id=23 op=LOAD
Mar 11 10:33:11 ip-172-31-1-110 audit: BPF prog-id=23 op=UNLOAD
Mar 11 10:33:11 ip-172-31-1-110 audit: BPF prog-id=24 op=LOAD
Mar 11 10:33:11 ip-172-31-1-110 audit: BPF prog-id=24 op=UNLOAD
Mar 11 10:33:11 ip-172-31-1-110 audit: BPF prog-id=25 op=LOAD
Mar 11 10:33:11 ip-172-31-1-110 audit: BPF prog-id=25 op=UNLOAD
Mar 11 10:33:11 ip-172-31-1-110 audit: BPF prog-id=26 op=LOAD
Mar 11 10:33:11 ip-172-31-1-110 audit: BPF prog-id=26 op=UNLOAD
Mar 11 10:33:11 ip-172-31-1-110 audit: BPF prog-id=27 op=LOAD
Mar 11 10:33:11 ip-172-31-1-110 audit: BPF prog-id=28 op=LOAD
Mar 11 10:33:11 ip-172-31-1-110 audit: BPF prog-id=3 op=UNLOAD
Mar 11 10:33:11 ip-172-31-1-110 audit: BPF prog-id=29 op=LOAD
Mar 11 10:33:11 ip-172-31-1-110 audit: BPF prog-id=30 op=LOAD
Mar 11 10:33:11 ip-172-31-1-110 audit: BPF prog-id=4 op=UNLOAD
Mar 11 10:33:11 ip-172-31-1-110 audit: BPF prog-id=5 op=UNLOAD
Mar 11 10:33:11 ip-172-31-1-110 audit: BPF prog-id=31 op=LOAD
Mar 11 10:33:11 ip-172-31-1-110 audit: BPF prog-id=28 op=UNLOAD
Mar 11 10:33:11 ip-172-31-1-110 audit: BPF prog-id=32 op=LOAD
Mar 11 10:33:11 ip-172-31-1-110 audit: BPF prog-id=33 op=LOAD
Mar 11 10:33:11 ip-172-31-1-110 audit: BPF prog-id=29 op=UNLOAD
Mar 11 10:33:11 ip-172-31-1-110 audit: BPF prog-id=30 op=UNLOAD
Mar 11 10:33:11 ip-172-31-1-110 audit[1]: SERVICE_STOP pid=1 uid=0 auid=4294967295 ses=4294967295 subj=system_u:system_r:init_t:s0 msg='unit=systemd-journald comm="systemd" exe="/usr/lib/systemd/systemd" hostname=? addr=? terminal=? res=success'
Mar 11 10:33:11 ip-172-31-1-110 audit: BPF prog-id=31 op=UNLOAD
Mar 11 10:33:11 ip-172-31-1-110 audit[1]: SERVICE_START pid=1 uid=0 auid=4294967295 ses=4294967295 subj=system_u:system_r:init_t:s0 msg='unit=initrd-switch-root comm="systemd" exe="/usr/lib/systemd/systemd" hostname=? addr=? terminal=? res=success'
Mar 11 10:33:11 ip-172-31-1-110 audit[1]: SERVICE_STOP pid=1 uid=0 auid=4294967295 ses=4294967295 subj=system_u:system_r:init_t:s0 msg='unit=initrd-switch-root comm="systemd" exe="/usr/lib/systemd/systemd" hostname=? addr=? terminal=? res=success'
Mar 11 10:33:11 ip-172-31-1-110 audit[1]: SERVICE_START pid=1 uid=0 auid=4294967295 ses=4294967295 subj=system_u:system_r:init_t:s0 msg='unit=systemd-journald comm="systemd" exe="/usr/lib/systemd/systemd" hostname=? addr=? terminal=? res=success'
Mar 11 10:33:11 ip-172-31-1-110 audit[1]: SERVICE_STOP pid=1 uid=0 auid=4294967295 ses=4294967295 subj=system_u:system_r:init_t:s0 msg='unit=systemd-journald comm="systemd" exe="/usr/lib/systemd/systemd" hostname=? addr=? terminal=? res=success'
Mar 11 10:33:11 ip-172-31-1-110 audit: BPF prog-id=34 op=LOAD
Mar 11 10:33:11 ip-172-31-1-110 audit: BPF prog-id=35 op=LOAD
Mar 11 10:33:11 ip-172-31-1-110 audit: BPF prog-id=36 op=LOAD
Mar 11 10:33:11 ip-172-31-1-110 audit: BPF prog-id=33 op=UNLOAD
Mar 11 10:33:11 ip-172-31-1-110 audit: BPF prog-id=32 op=UNLOAD
Mar 11 10:33:11 ip-172-31-1-110 audit[1]: SERVICE_START pid=1 uid=0 auid=4294967295 ses=4294967295 subj=system_u:system_r:init_t:s0 msg='unit=kmod-static-nodes comm="systemd" exe="/usr/lib/systemd/systemd" hostname=? addr=? terminal=? res=success'
Mar 11 10:33:11 ip-172-31-1-110 audit: CONFIG_CHANGE op=set audit_enabled=1 old=1 auid=4294967295 ses=4294967295 subj=system_u:system_r:syslogd_t:s0 res=1
Mar 11 10:33:11 ip-172-31-1-110 audit[847]: SYSCALL arch=c000003e syscall=46 success=yes exit=60 a0=5 a1=7ffd007a0610 a2=4000 a3=7ffd007a069c items=0 ppid=1 pid=847 auid=4294967295 uid=0 gid=0 euid=0 suid=0 fsuid=0 egid=0 sgid=0 fsgid=0 tty=(none) ses=4294967295 comm="systemd-journal" exe="/usr/lib/systemd/systemd-journald" subj=system_u:system_r:syslogd_t:s0 key=(null)
Mar 11 10:33:11 ip-172-31-1-110 audit: PROCTITLE proctitle="/usr/lib/systemd/systemd-journald"
Mar 11 10:33:11 ip-172-31-1-110 systemd[1]: Queued start job for default target graphical.target.
Mar 11 10:33:11 ip-172-31-1-110 systemd[1]: systemd-journald.service: Deactivated successfully.
Mar 11 10:33:11 ip-172-31-1-110 systemd-fsck[867]: /usr/sbin/fsck.xfs: XFS file system.
Mar 11 10:33:11 ip-172-31-1-110 kernel: loop: module loaded
Mar 11 10:33:11 ip-172-31-1-110 systemd[1]: Finished modprobe@configfs.service - Load Kernel Module configfs.
Mar 11 10:33:11 ip-172-31-1-110 systemd[1]: Started systemd-journald.service - Journal Service.
Mar 11 10:33:11 ip-172-31-1-110 audit[1]: SERVICE_START pid=1 uid=0 auid=4294967295 ses=4294967295 subj=system_u:system_r:init_t:s0 msg='unit=modprobe@configfs comm="systemd" exe="/usr/lib/systemd/systemd" hostname=? addr=? terminal=? res=success'
Mar 11 10:33:11 ip-172-31-1-110 audit[1]: SERVICE_STOP pid=1 uid=0 auid=4294967295 ses=4294967295 subj=system_u:system_r:init_t:s0 msg='unit=modprobe@configfs comm="systemd" exe="/usr/lib/systemd/systemd" hostname=? addr=? terminal=? res=success'
Mar 11 10:33:11 ip-172-31-1-110 audit[1]: SERVICE_START pid=1 uid=0 auid=4294967295 ses=4294967295 subj=system_u:system_r:init_t:s0 msg='unit=systemd-journald comm="systemd" exe="/usr/lib/systemd/systemd" hostname=? addr=? terminal=? res=success'
Mar 11 10:33:11 ip-172-31-1-110 systemd[1]: modprobe@dm_mod.service: Deactivated successfully.
Mar 11 10:33:11 ip-172-31-1-110 systemd[1]: Finished modprobe@dm_mod.service - Load Kernel Module dm_mod.
Mar 11 10:33:11 ip-172-31-1-110 systemd[1]: modprobe@drm.service: Deactivated successfully.
Mar 11 10:33:11 ip-172-31-1-110 audit[1]: SERVICE_START pid=1 uid=0 auid=4294967295 ses=4294967295 subj=system_u:system_r:init_t:s0 msg='unit=modprobe@dm_mod comm="systemd" exe="/usr/lib/systemd/systemd" hostname=? addr=? terminal=? res=success'
Mar 11 10:33:11 ip-172-31-1-110 audit[1]: SERVICE_STOP pid=1 uid=0 auid=4294967295 ses=4294967295 subj=system_u:system_r:init_t:s0 msg='unit=modprobe@dm_mod comm="systemd" exe="/usr/lib/systemd/systemd" hostname=? addr=? terminal=? res=success'
Mar 11 10:33:11 ip-172-31-1-110 systemd[1]: Finished modprobe@drm.service - Load Kernel Module drm.
Mar 11 10:33:11 ip-172-31-1-110 audit[1]: SERVICE_START pid=1 uid=0 auid=4294967295 ses=4294967295 subj=system_u:system_r:init_t:s0 msg='unit=modprobe@drm comm="systemd" exe="/usr/lib/systemd/systemd" hostname=? addr=? terminal=? res=success'
Mar 11 10:33:11 ip-172-31-1-110 audit[1]: SERVICE_STOP pid=1 uid=0 auid=4294967295 ses=4294967295 subj=system_u:system_r:init_t:s0 msg='unit=modprobe@drm comm="systemd" exe="/usr/lib/systemd/systemd" hostname=? addr=? terminal=? res=success'
Mar 11 10:33:11 ip-172-31-1-110 systemd[1]: modprobe@efi_pstore.service: Deactivated successfully.
Mar 11 10:33:11 ip-172-31-1-110 audit[1]: SERVICE_START pid=1 uid=0 auid=4294967295 ses=4294967295 subj=system_u:system_r:init_t:s0 msg='unit=modprobe@efi_pstore comm="systemd" exe="/usr/lib/systemd/systemd" hostname=? addr=? terminal=? res=success'
Mar 11 10:33:11 ip-172-31-1-110 audit[1]: SERVICE_STOP pid=1 uid=0 auid=4294967295 ses=4294967295 subj=system_u:system_r:init_t:s0 msg='unit=modprobe@efi_pstore comm="systemd" exe="/usr/lib/systemd/systemd" hostname=? addr=? terminal=? res=success'
Mar 11 10:33:11 ip-172-31-1-110 systemd[1]: Finished modprobe@efi_pstore.service - Load Kernel Module efi_pstore.
Mar 11 10:33:11 ip-172-31-1-110 systemd[1]: modprobe@fuse.service: Deactivated successfully.
Mar 11 10:33:11 ip-172-31-1-110 systemd[1]: Finished modprobe@fuse.service - Load Kernel Module fuse.
Mar 11 10:33:11 ip-172-31-1-110 audit[1]: SERVICE_START pid=1 uid=0 auid=4294967295 ses=4294967295 subj=system_u:system_r:init_t:s0 msg='unit=modprobe@fuse comm="systemd" exe="/usr/lib/systemd/systemd" hostname=? addr=? terminal=? res=success'
Mar 11 10:33:11 ip-172-31-1-110 audit[1]: SERVICE_STOP pid=1 uid=0 auid=4294967295 ses=4294967295 subj=system_u:system_r:init_t:s0 msg='unit=modprobe@fuse comm="systemd" exe="/usr/lib/systemd/systemd" hostname=? addr=? terminal=? res=success'
Mar 11 10:33:11 ip-172-31-1-110 systemd[1]: modprobe@loop.service: Deactivated successfully.
Mar 11 10:33:11 ip-172-31-1-110 systemd[1]: Finished modprobe@loop.service - Load Kernel Module loop.
Mar 11 10:33:11 ip-172-31-1-110 audit[1]: SERVICE_START pid=1 uid=0 auid=4294967295 ses=4294967295 subj=system_u:system_r:init_t:s0 msg='unit=modprobe@loop comm="systemd" exe="/usr/lib/systemd/systemd" hostname=? addr=? terminal=? res=success'
Mar 11 10:33:11 ip-172-31-1-110 audit[1]: SERVICE_STOP pid=1 uid=0 auid=4294967295 ses=4294967295 subj=system_u:system_r:init_t:s0 msg='unit=modprobe@loop comm="systemd" exe="/usr/lib/systemd/systemd" hostname=? addr=? terminal=? res=success'
Mar 11 10:33:11 ip-172-31-1-110 systemd[1]: nfs-convert.service: Deactivated successfully.
Mar 11 10:33:11 ip-172-31-1-110 systemd[1]: Finished nfs-convert.service - Preprocess NFS configuration convertion.
Mar 11 10:33:11 ip-172-31-1-110 audit[1]: SERVICE_START pid=1 uid=0 auid=4294967295 ses=4294967295 subj=system_u:system_r:init_t:s0 msg='unit=nfs-convert comm="systemd" exe="/usr/lib/systemd/systemd" hostname=? addr=? terminal=? res=success'
Mar 11 10:33:11 ip-172-31-1-110 audit[1]: SERVICE_STOP pid=1 uid=0 auid=4294967295 ses=4294967295 subj=system_u:system_r:init_t:s0 msg='unit=nfs-convert comm="systemd" exe="/usr/lib/systemd/systemd" hostname=? addr=? terminal=? res=success'
Mar 11 10:33:11 ip-172-31-1-110 systemd[1]: Finished systemd-fsck-root.service - File System Check on Root Device.
Mar 11 10:33:11 ip-172-31-1-110 audit[1]: SERVICE_START pid=1 uid=0 auid=4294967295 ses=4294967295 subj=system_u:system_r:init_t:s0 msg='unit=systemd-fsck-root comm="systemd" exe="/usr/lib/systemd/systemd" hostname=? addr=? terminal=? res=success'
Mar 11 10:33:11 ip-172-31-1-110 systemd[1]: Finished systemd-network-generator.service - Generate network units from Kernel command line.
Mar 11 10:33:11 ip-172-31-1-110 audit[1]: SERVICE_START pid=1 uid=0 auid=4294967295 ses=4294967295 subj=system_u:system_r:init_t:s0 msg='unit=systemd-network-generator comm="systemd" exe="/usr/lib/systemd/systemd" hostname=? addr=? terminal=? res=success'
Mar 11 10:33:11 ip-172-31-1-110 systemd[1]: Finished systemd-sysctl.service - Apply Kernel Variables.
Mar 11 10:33:11 ip-172-31-1-110 audit[1]: SERVICE_START pid=1 uid=0 auid=4294967295 ses=4294967295 subj=system_u:system_r:init_t:s0 msg='unit=systemd-sysctl comm="systemd" exe="/usr/lib/systemd/systemd" hostname=? addr=? terminal=? res=success'
Mar 11 10:33:11 ip-172-31-1-110 audit[1]: SERVICE_START pid=1 uid=0 auid=4294967295 ses=4294967295 subj=system_u:system_r:init_t:s0 msg='unit=systemd-udev-trigger comm="systemd" exe="/usr/lib/systemd/systemd" hostname=? addr=? terminal=? res=success'
Mar 11 10:33:11 ip-172-31-1-110 systemd[1]: Finished systemd-udev-trigger.service - Coldplug All udev Devices.
Mar 11 10:33:11 ip-172-31-1-110 systemd[1]: Mounting sys-fs-fuse-connections.mount - FUSE Control File System...
Mar 11 10:33:11 ip-172-31-1-110 systemd[1]: Mounting sys-kernel-config.mount - Kernel Configuration File System...
Mar 11 10:33:11 ip-172-31-1-110 systemd[1]: Starting systemd-remount-fs.service - Remount Root and Kernel File Systems...
Mar 11 10:33:11 ip-172-31-1-110 systemd[1]: systemd-repart.service - Repartition Root Disk was skipped because no trigger condition checks were met.
Mar 11 10:33:11 ip-172-31-1-110 systemd[1]: Mounted sys-fs-fuse-connections.mount - FUSE Control File System.
Mar 11 10:33:11 ip-172-31-1-110 systemd[1]: Mounted sys-kernel-config.mount - Kernel Configuration File System.
Mar 11 10:33:11 ip-172-31-1-110 systemd[1]: Finished systemd-remount-fs.service - Remount Root and Kernel File Systems.
Mar 11 10:33:11 ip-172-31-1-110 audit[1]: SERVICE_START pid=1 uid=0 auid=4294967295 ses=4294967295 subj=system_u:system_r:init_t:s0 msg='unit=systemd-remount-fs comm="systemd" exe="/usr/lib/systemd/systemd" hostname=? addr=? terminal=? res=success'
Mar 11 10:33:12 ip-172-31-1-110 systemd[1]: systemd-firstboot.service - First Boot Wizard was skipped because of an unmet condition check (ConditionFirstBoot=yes).
Mar 11 10:33:12 ip-172-31-1-110 systemd[1]: systemd-hwdb-update.service - Rebuild Hardware Database was skipped because of an unmet condition check (ConditionNeedsUpdate=/etc).
Mar 11 10:33:12 ip-172-31-1-110 systemd[1]: Starting systemd-journal-flush.service - Flush Journal to Persistent Storage...
Mar 11 10:33:12 ip-172-31-1-110 systemd[1]: systemd-pstore.service - Platform Persistent Storage Archival was skipped because of an unmet condition check (ConditionDirectoryNotEmpty=/sys/fs/pstore).
Mar 11 10:33:12 ip-172-31-1-110 systemd[1]: Starting systemd-random-seed.service - Load/Save Random Seed...
Mar 11 10:33:12 ip-172-31-1-110 systemd[1]: systemd-sysusers.service - Create System Users was skipped because no trigger condition checks were met.
Mar 11 10:33:12 ip-172-31-1-110 systemd-journald[847]: Runtime Journal (/run/log/journal/ec2f5f94a8ab1256fb33e06e764d720c) is 4.8M, max 38.3M, 33.5M free.
Mar 11 10:33:12 ip-172-31-1-110 systemd[1]: Starting systemd-tmpfiles-setup-dev.service - Create Static Device Nodes in /dev...
Mar 11 10:33:12 ip-172-31-1-110 systemd-journald[847]: Received client request to flush runtime journal.
Mar 11 10:33:12 ip-172-31-1-110 systemd[1]: Finished systemd-journal-flush.service - Flush Journal to Persistent Storage.
Mar 11 10:33:12 ip-172-31-1-110 audit[1]: SERVICE_START pid=1 uid=0 auid=4294967295 ses=4294967295 subj=system_u:system_r:init_t:s0 msg='unit=systemd-journal-flush comm="systemd" exe="/usr/lib/systemd/systemd" hostname=? addr=? terminal=? res=success'
Mar 11 10:33:12 ip-172-31-1-110 systemd[1]: Finished systemd-random-seed.service - Load/Save Random Seed.
Mar 11 10:33:12 ip-172-31-1-110 audit[1]: SERVICE_START pid=1 uid=0 auid=4294967295 ses=4294967295 subj=system_u:system_r:init_t:s0 msg='unit=systemd-random-seed comm="systemd" exe="/usr/lib/systemd/systemd" hostname=? addr=? terminal=? res=success'
Mar 11 10:33:12 ip-172-31-1-110 systemd[1]: Finished systemd-tmpfiles-setup-dev.service - Create Static Device Nodes in /dev.
Mar 11 10:33:12 ip-172-31-1-110 audit[1]: SERVICE_START pid=1 uid=0 auid=4294967295 ses=4294967295 subj=system_u:system_r:init_t:s0 msg='unit=systemd-tmpfiles-setup-dev comm="systemd" exe="/usr/lib/systemd/systemd" hostname=? addr=? terminal=? res=success'
Mar 11 10:33:12 ip-172-31-1-110 systemd[1]: first-boot-complete.target - First Boot Complete was skipped because of an unmet condition check (ConditionFirstBoot=yes).
Mar 11 10:33:12 ip-172-31-1-110 systemd[1]: Reached target local-fs-pre.target - Preparation for Local File Systems.
Mar 11 10:33:12 ip-172-31-1-110 systemd[1]: Set up automount boot-efi.automount.
Mar 11 10:33:12 ip-172-31-1-110 systemd[1]: Reached target local-fs.target - Local File Systems.
Mar 11 10:33:12 ip-172-31-1-110 systemd[1]: import-state.service - Import network configuration from initramfs was skipped because of an unmet condition check (ConditionDirectoryNotEmpty=/run/initramfs/state).
Mar 11 10:33:12 ip-172-31-1-110 systemd[1]: ldconfig.service - Rebuild Dynamic Linker Cache was skipped because no trigger condition checks were met.
Mar 11 10:33:12 ip-172-31-1-110 systemd[1]: selinux-autorelabel-mark.service - Mark the need to relabel after reboot was skipped because of an unmet condition check (ConditionSecurity=!selinux).
Mar 11 10:33:12 ip-172-31-1-110 systemd[1]: systemd-binfmt.service - Set Up Additional Binary Formats was skipped because no trigger condition checks were met.
Mar 11 10:33:12 ip-172-31-1-110 systemd[1]: systemd-boot-system-token.service - Store a System Token in an EFI Variable was skipped because of an unmet condition check (ConditionPathExists=/sys/firmware/efi/efivars/LoaderFeatures-4a67b082-0a4c-41cf-b6c7-440b29bb8c4f).
Mar 11 10:33:12 ip-172-31-1-110 systemd[1]: Starting systemd-boot-update.service - Automatic Boot Loader Update...
Mar 11 10:33:12 ip-172-31-1-110 systemd[1]: systemd-machine-id-commit.service - Commit a transient machine-id on disk was skipped because of an unmet condition check (ConditionPathIsMountPoint=/etc/machine-id).
Mar 11 10:33:12 ip-172-31-1-110 audit: BPF prog-id=37 op=LOAD
Mar 11 10:33:12 ip-172-31-1-110 audit: BPF prog-id=38 op=LOAD
Mar 11 10:33:12 ip-172-31-1-110 audit: BPF prog-id=6 op=UNLOAD
Mar 11 10:33:12 ip-172-31-1-110 audit: BPF prog-id=7 op=UNLOAD
Mar 11 10:33:12 ip-172-31-1-110 systemd[1]: Starting systemd-tmpfiles-setup.service - Create Volatile Files and Directories...
Mar 11 10:33:12 ip-172-31-1-110 systemd[1]: Starting systemd-udevd.service - Rule-based Manager for Device Events and Files...
Mar 11 10:33:12 ip-172-31-1-110 systemd[1]: boot-efi.automount: Got automount request for /boot/efi, triggered by 1268 (bootctl)
Mar 11 10:33:12 ip-172-31-1-110 systemd[1]: Created slice system-systemd\x2dfsck.slice - Slice /system/systemd-fsck.
Mar 11 10:33:12 ip-172-31-1-110 systemd[1]: Expecting device dev-disk-by\x2duuid-C42B\x2d0705.device - /dev/disk/by-uuid/C42B-0705...
Mar 11 10:33:12 ip-172-31-1-110 systemd-udevd[1271]: Using default interface naming scheme 'v252'.
Mar 11 10:33:12 ip-172-31-1-110 systemd[1]: Finished systemd-tmpfiles-setup.service - Create Volatile Files and Directories.
Mar 11 10:33:12 ip-172-31-1-110 systemd[1]: Started systemd-udevd.service - Rule-based Manager for Device Events and Files.
Mar 11 10:33:12 ip-172-31-1-110 audit[1]: SERVICE_START pid=1 uid=0 auid=4294967295 ses=4294967295 subj=system_u:system_r:init_t:s0 msg='unit=systemd-tmpfiles-setup comm="systemd" exe="/usr/lib/systemd/systemd" hostname=? addr=? terminal=? res=success'
Mar 11 10:33:12 ip-172-31-1-110 audit[1]: SERVICE_START pid=1 uid=0 auid=4294967295 ses=4294967295 subj=system_u:system_r:init_t:s0 msg='unit=systemd-udevd comm="systemd" exe="/usr/lib/systemd/systemd" hostname=? addr=? terminal=? res=success'
Mar 11 10:33:12 ip-172-31-1-110 systemd[1]: Mounting var-lib-nfs-rpc_pipefs.mount - RPC Pipe File System...
Mar 11 10:33:12 ip-172-31-1-110 systemd[1]: Starting auditd.service - Security Auditing Service...
Mar 11 10:33:12 ip-172-31-1-110 systemd[1]: systemd-journal-catalog-update.service - Rebuild Journal Catalog was skipped because of an unmet condition check (ConditionNeedsUpdate=/var).
Mar 11 10:33:12 ip-172-31-1-110 audit: BPF prog-id=39 op=LOAD
Mar 11 10:33:12 ip-172-31-1-110 systemd[1]: Starting systemd-resolved.service - Network Name Resolution...
Mar 11 10:33:12 ip-172-31-1-110 auditd[1298]: No plugins found, not dispatching events
Mar 11 10:33:12 ip-172-31-1-110 audit[1298]: AVC avc:  denied  { setattr } for  pid=1298 comm="auditd" name="audit" dev="nvme0n1p1" ino=870187 scontext=system_u:system_r:auditd_t:s0 tcontext=system_u:object_r:var_log_t:s0 tclass=dir permissive=1
Mar 11 10:33:12 ip-172-31-1-110 audit[1298]: SYSCALL arch=c000003e syscall=90 success=yes exit=0 a0=5621ad92f9c0 a1=1c0 a2=5621ad92f9ce a3=1a4 items=0 ppid=1295 pid=1298 auid=4294967295 uid=0 gid=0 euid=0 suid=0 fsuid=0 egid=0 sgid=0 fsgid=0 tty=(none) ses=4294967295 comm="auditd" exe="/usr/sbin/auditd" subj=system_u:system_r:auditd_t:s0 key=(null)
Mar 11 10:33:12 ip-172-31-1-110 audit: PROCTITLE proctitle="/sbin/auditd"
Mar 11 10:33:12 ip-172-31-1-110 audit[1298]: AVC avc:  denied  { create } for  pid=1298 comm="auditd" name="audit.log" scontext=system_u:system_r:auditd_t:s0 tcontext=system_u:object_r:var_log_t:s0 tclass=file permissive=1
Mar 11 10:33:12 ip-172-31-1-110 audit[1298]: AVC avc:  denied  { read open } for  pid=1298 comm="auditd" path="/var/log/audit/audit.log" dev="nvme0n1p1" ino=870200 scontext=system_u:system_r:auditd_t:s0 tcontext=system_u:object_r:var_log_t:s0 tclass=file permissive=1
Mar 11 10:33:12 ip-172-31-1-110 audit[1298]: SYSCALL arch=c000003e syscall=257 success=yes exit=5 a0=ffffff9c a1=5621ad92f750 a2=4c0 a3=1a0 items=4 ppid=1295 pid=1298 auid=4294967295 uid=0 gid=0 euid=0 suid=0 fsuid=0 egid=0 sgid=0 fsgid=0 tty=(none) ses=4294967295 comm="auditd" exe="/usr/sbin/auditd" subj=system_u:system_r:auditd_t:s0 key=(null)
Mar 11 10:33:12 ip-172-31-1-110 audit: CWD cwd="/"
Mar 11 10:33:12 ip-172-31-1-110 audit: PATH item=0 name=(null) inode=870187 dev=103:01 mode=040700 ouid=0 ogid=0 rdev=00:00 obj=system_u:object_r:var_log_t:s0 nametype=PARENT cap_fp=0 cap_fi=0 cap_fe=0 cap_fver=0 cap_frootid=0
Mar 11 10:33:12 ip-172-31-1-110 audit: PATH item=1 name=(null) nametype=CREATE cap_fp=0 cap_fi=0 cap_fe=0 cap_fver=0 cap_frootid=0
Mar 11 10:33:12 ip-172-31-1-110 audit: PATH item=2 name=(null) inode=870187 dev=103:01 mode=040700 ouid=0 ogid=0 rdev=00:00 obj=system_u:object_r:var_log_t:s0 nametype=PARENT cap_fp=0 cap_fi=0 cap_fe=0 cap_fver=0 cap_frootid=0
Mar 11 10:33:12 ip-172-31-1-110 audit: PATH item=3 name=(null) inode=870200 dev=103:01 mode=0100640 ouid=0 ogid=0 rdev=00:00 obj=system_u:object_r:var_log_t:s0 nametype=CREATE cap_fp=0 cap_fi=0 cap_fe=0 cap_fver=0 cap_frootid=0
Mar 11 10:33:12 ip-172-31-1-110 audit: PROCTITLE proctitle="/sbin/auditd"
Mar 11 10:33:12 ip-172-31-1-110 audit[1298]: AVC avc:  denied  { setattr } for  pid=1298 comm="auditd" name="audit.log" dev="nvme0n1p1" ino=870200 scontext=system_u:system_r:auditd_t:s0 tcontext=system_u:object_r:var_log_t:s0 tclass=file permissive=1
Mar 11 10:33:12 ip-172-31-1-110 audit[1298]: SYSCALL arch=c000003e syscall=91 success=yes exit=0 a0=5 a1=180 a2=0 a3=0 items=0 ppid=1295 pid=1298 auid=4294967295 uid=0 gid=0 euid=0 suid=0 fsuid=0 egid=0 sgid=0 fsgid=0 tty=(none) ses=4294967295 comm="auditd" exe="/usr/sbin/auditd" subj=system_u:system_r:auditd_t:s0 key=(null)
Mar 11 10:33:12 ip-172-31-1-110 audit: PROCTITLE proctitle="/sbin/auditd"
Mar 11 10:33:12 ip-172-31-1-110 audit: CONFIG_CHANGE op=set audit_enabled=1 old=1 auid=4294967295 ses=4294967295 subj=system_u:system_r:auditd_t:s0 res=1
Mar 11 10:33:12 ip-172-31-1-110 audit[1298]: SYSCALL arch=c000003e syscall=44 success=yes exit=60 a0=3 a1=7ffe7844ad00 a2=3c a3=0 items=0 ppid=1295 pid=1298 auid=4294967295 uid=0 gid=0 euid=0 suid=0 fsuid=0 egid=0 sgid=0 fsgid=0 tty=(none) ses=4294967295 comm="auditd" exe="/usr/sbin/auditd" subj=system_u:system_r:auditd_t:s0 key=(null)
Mar 11 10:33:12 ip-172-31-1-110 audit: PROCTITLE proctitle="/sbin/auditd"
Mar 11 10:33:12 ip-172-31-1-110 audit: CONFIG_CHANGE op=set audit_pid=1298 old=0 auid=4294967295 ses=4294967295 subj=system_u:system_r:auditd_t:s0 res=1
Mar 11 10:33:12 ip-172-31-1-110 audit[1298]: SYSCALL arch=c000003e syscall=44 success=yes exit=60 a0=3 a1=7ffe784489b0 a2=3c a3=0 items=0 ppid=1295 pid=1298 auid=4294967295 uid=0 gid=0 euid=0 suid=0 fsuid=0 egid=0 sgid=0 fsgid=0 tty=(none) ses=4294967295 comm="auditd" exe="/usr/sbin/auditd" subj=system_u:system_r:auditd_t:s0 key=(null)
Mar 11 10:33:12 ip-172-31-1-110 audit: PROCTITLE proctitle="/sbin/auditd"
Mar 11 10:33:12 ip-172-31-1-110 auditd[1298]: Init complete, auditd 3.1.5 listening for events (startup state enable)
Mar 11 10:33:12 ip-172-31-1-110 kernel: RPC: Registered named UNIX socket transport module.
Mar 11 10:33:12 ip-172-31-1-110 kernel: RPC: Registered udp transport module.
Mar 11 10:33:12 ip-172-31-1-110 kernel: RPC: Registered tcp transport module.
Mar 11 10:33:12 ip-172-31-1-110 kernel: RPC: Registered tcp NFSv4.1 backchannel transport module.
Mar 11 10:33:12 ip-172-31-1-110 systemd[1]: Mounted var-lib-nfs-rpc_pipefs.mount - RPC Pipe File System.
Mar 11 10:33:12 ip-172-31-1-110 systemd[1]: Condition check resulted in dev-ttyS0.device - /dev/ttyS0 being skipped.
Mar 11 10:33:12 ip-172-31-1-110 systemd[1]: Reached target rpc_pipefs.target.
Mar 11 10:33:12 ip-172-31-1-110 augenrules[1301]: /sbin/augenrules: No change
Mar 11 10:33:12 ip-172-31-1-110 kernel: input: Power Button as /devices/LNXSYSTM:00/LNXPWRBN:00/input/input0
Mar 11 10:33:12 ip-172-31-1-110 systemd-resolved[1296]: Positive Trust Anchors:
Mar 11 10:33:12 ip-172-31-1-110 systemd-resolved[1296]: . IN DS 20326 8 2 e06d44b80b8f1d39a95c0b0d7c65d08458e880409bbc683457104237c7f8ec8d
Mar 11 10:33:12 ip-172-31-1-110 systemd-resolved[1296]: Negative trust anchors: home.arpa 10.in-addr.arpa 16.172.in-addr.arpa 17.172.in-addr.arpa 18.172.in-addr.arpa 19.172.in-addr.arpa 20.172.in-addr.arpa 21.172.in-addr.arpa 22.172.in-addr.arpa 23.172.in-addr.arpa 24.172.in-addr.arpa 25.172.in-addr.arpa 26.172.in-addr.arpa 27.172.in-addr.arpa 28.172.in-addr.arpa 29.172.in-addr.arpa 30.172.in-addr.arpa 31.172.in-addr.arpa 168.192.in-addr.arpa d.f.ip6.arpa corp home internal intranet lan local private test
Mar 11 10:33:12 ip-172-31-1-110 augenrules[1321]: No rules
Mar 11 10:33:12 ip-172-31-1-110 audit: CONFIG_CHANGE auid=4294967295 ses=4294967295 subj=system_u:system_r:unconfined_service_t:s0 op=add_rule key=(null) list=1 res=1
Mar 11 10:33:12 ip-172-31-1-110 audit[1321]: SYSCALL arch=c000003e syscall=44 success=yes exit=1056 a0=3 a1=7ffeec74e0d0 a2=420 a3=0 items=0 ppid=1301 pid=1321 auid=4294967295 uid=0 gid=0 euid=0 suid=0 fsuid=0 egid=0 sgid=0 fsgid=0 tty=(none) ses=4294967295 comm="auditctl" exe="/usr/sbin/auditctl" subj=system_u:system_r:unconfined_service_t:s0 key=(null)
Mar 11 10:33:12 ip-172-31-1-110 audit: PROCTITLE proctitle=2F7362696E2F617564697463746C002D52002F6574632F61756469742F61756469742E72756C6573
Mar 11 10:33:12 ip-172-31-1-110 audit[1]: SERVICE_START pid=1 uid=0 auid=4294967295 ses=4294967295 subj=system_u:system_r:init_t:s0 msg='unit=auditd comm="systemd" exe="/usr/lib/systemd/systemd" hostname=? addr=? terminal=? res=success'
Mar 11 10:33:12 ip-172-31-1-110 systemd[1]: Started auditd.service - Security Auditing Service.
Mar 11 10:33:12 ip-172-31-1-110 kernel: ena 0000:00:05.0: Elastic Network Adapter (ENA) v2.16.1g
Mar 11 10:33:12 ip-172-31-1-110 kernel: ena 0000:00:05.0: ENA device version: 0.10
Mar 11 10:33:12 ip-172-31-1-110 kernel: ena 0000:00:05.0: ENA controller version: 0.0.1 implementation version 1
Mar 11 10:33:12 ip-172-31-1-110 kernel: ACPI: button: Power Button [PWRF]
Mar 11 10:33:12 ip-172-31-1-110 kernel: input: Sleep Button as /devices/LNXSYSTM:00/LNXSLPBN:00/input/input1
Mar 11 10:33:12 ip-172-31-1-110 kernel: ACPI: button: Sleep Button [SLPF]
Mar 11 10:33:12 ip-172-31-1-110 kernel: ena 0000:00:05.0: LLQ is not supported Fallback to host mode policy.
Mar 11 10:33:12 ip-172-31-1-110 kernel: i8042: PNP: PS/2 Controller [PNP0303:KBD,PNP0f13:MOU] at 0x60,0x64 irq 1,12
Mar 11 10:33:12 ip-172-31-1-110 kernel: i8042: Warning: Keylock active
Mar 11 10:33:12 ip-172-31-1-110 kernel: ena 0000:00:05.0: Elastic Network Adapter (ENA) found at mem 80400000, mac addr 02:fc:11:65:00:89
Mar 11 10:33:12 ip-172-31-1-110 audit[1]: SERVICE_START pid=1 uid=0 auid=4294967295 ses=4294967295 subj=system_u:system_r:init_t:s0 msg='unit=systemd-resolved comm="systemd" exe="/usr/lib/systemd/systemd" hostname=? addr=? terminal=? res=success'
Mar 11 10:33:12 ip-172-31-1-110 audit[1325]: SYSTEM_BOOT pid=1325 uid=0 auid=4294967295 ses=4294967295 subj=system_u:system_r:init_t:s0 msg=' comm="systemd-update-utmp" exe="/usr/lib/systemd/systemd-update-utmp" hostname=? addr=? terminal=? res=success'
Mar 11 10:33:12 ip-172-31-1-110 audit[1]: SERVICE_START pid=1 uid=0 auid=4294967295 ses=4294967295 subj=system_u:system_r:init_t:s0 msg='unit=systemd-update-utmp comm="systemd" exe="/usr/lib/systemd/systemd" hostname=? addr=? terminal=? res=success'
Mar 11 10:33:12 ip-172-31-1-110 systemd[1]: Starting systemd-update-utmp.service - Record System Boot/Shutdown in UTMP...
Mar 11 10:33:12 ip-172-31-1-110 systemd-resolved[1296]: Using system hostname 'ip-172-31-1-110.ap-southeast-1.compute.internal'.
Mar 11 10:33:12 ip-172-31-1-110 systemd[1]: Started systemd-resolved.service - Network Name Resolution.
Mar 11 10:33:12 ip-172-31-1-110 systemd[1]: Reached target nss-lookup.target - Host and Network Name Lookups.
Mar 11 10:33:12 ip-172-31-1-110 systemd[1]: Finished systemd-update-utmp.service - Record System Boot/Shutdown in UTMP.
Mar 11 10:33:12 ip-172-31-1-110 kernel: serio: i8042 KBD port at 0x60,0x64 irq 1
Mar 11 10:33:12 ip-172-31-1-110 kernel: serio: i8042 AUX port at 0x60,0x64 irq 12
Mar 11 10:33:12 ip-172-31-1-110 kernel: ena 0000:00:05.0 ens5: renamed from eth0
Mar 11 10:33:12 ip-172-31-1-110 systemd[1]: Reloading.
Mar 11 10:33:13 ip-172-31-1-110 zram_generator::config[1417]: zram0: system has too much memory (1919MB), limit is 800MB, ignoring.
Mar 11 10:33:13 ip-172-31-1-110 systemd[1]: /usr/lib/systemd/system/acpid.socket:6: ListenStream= references a path below legacy directory /var/run/, updating /var/run/acpid.socket → /run/acpid.socket; please update the unit file accordingly.
Mar 11 10:33:13 ip-172-31-1-110 systemd[1]: Condition check resulted in dev-disk-by\x2duuid-C42B\x2d0705.device - Amazon Elastic Block Store EFI\x20System\x20Partition being skipped.
Mar 11 10:33:13 ip-172-31-1-110 audit: BPF prog-id=40 op=LOAD
Mar 11 10:33:13 ip-172-31-1-110 audit: BPF prog-id=39 op=UNLOAD
Mar 11 10:33:13 ip-172-31-1-110 audit: BPF prog-id=41 op=LOAD
Mar 11 10:33:13 ip-172-31-1-110 audit: BPF prog-id=34 op=UNLOAD
Mar 11 10:33:13 ip-172-31-1-110 audit: BPF prog-id=42 op=LOAD
Mar 11 10:33:13 ip-172-31-1-110 audit: BPF prog-id=43 op=LOAD
Mar 11 10:33:13 ip-172-31-1-110 audit: BPF prog-id=35 op=UNLOAD
Mar 11 10:33:13 ip-172-31-1-110 audit: BPF prog-id=36 op=UNLOAD
Mar 11 10:33:13 ip-172-31-1-110 audit: BPF prog-id=44 op=LOAD
Mar 11 10:33:13 ip-172-31-1-110 audit: BPF prog-id=45 op=LOAD
Mar 11 10:33:13 ip-172-31-1-110 audit: BPF prog-id=37 op=UNLOAD
Mar 11 10:33:13 ip-172-31-1-110 audit: BPF prog-id=38 op=UNLOAD
Mar 11 10:33:13 ip-172-31-1-110 systemd[1]: Created slice system-policy\x2droutes.slice - Slice /system/policy-routes.
Mar 11 10:33:13 ip-172-31-1-110 systemd[1]: import-state.service - Import network configuration from initramfs was skipped because of an unmet condition check (ConditionDirectoryNotEmpty=/run/initramfs/state).
Mar 11 10:33:13 ip-172-31-1-110 systemd[1]: ldconfig.service - Rebuild Dynamic Linker Cache was skipped because no trigger condition checks were met.
Mar 11 10:33:13 ip-172-31-1-110 systemd[1]: Starting modprobe@dm_mod.service - Load Kernel Module dm_mod...
Mar 11 10:33:13 ip-172-31-1-110 systemd[1]: Starting modprobe@efi_pstore.service - Load Kernel Module efi_pstore...
Mar 11 10:33:13 ip-172-31-1-110 systemd[1]: Starting modprobe@loop.service - Load Kernel Module loop...
Mar 11 10:33:13 ip-172-31-1-110 systemd[1]: selinux-autorelabel-mark.service - Mark the need to relabel after reboot was skipped because of an unmet condition check (ConditionSecurity=!selinux).
Mar 11 10:33:13 ip-172-31-1-110 systemd[1]: systemd-binfmt.service - Set Up Additional Binary Formats was skipped because no trigger condition checks were met.
Mar 11 10:33:13 ip-172-31-1-110 systemd[1]: systemd-boot-system-token.service - Store a System Token in an EFI Variable was skipped because of an unmet condition check (ConditionPathExists=/sys/firmware/efi/efivars/LoaderFeatures-4a67b082-0a4c-41cf-b6c7-440b29bb8c4f).
Mar 11 10:33:13 ip-172-31-1-110 systemd[1]: systemd-firstboot.service - First Boot Wizard was skipped because of an unmet condition check (ConditionFirstBoot=yes).
Mar 11 10:33:13 ip-172-31-1-110 systemd[1]: first-boot-complete.target - First Boot Complete was skipped because of an unmet condition check (ConditionFirstBoot=yes).
Mar 11 10:33:13 ip-172-31-1-110 systemd[1]: Starting systemd-fsck@dev-disk-by\x2duuid-C42B\x2d0705.service - File System Check on /dev/disk/by-uuid/C42B-0705...
Mar 11 10:33:13 ip-172-31-1-110 systemd[1]: systemd-hwdb-update.service - Rebuild Hardware Database was skipped because of an unmet condition check (ConditionNeedsUpdate=/etc).
